ARM Linker, 5.03 [Build 76] [MDK-ARM Standard]

==============================================================================

Section Cross References

    system_stm32f10x.o(.text) refers to system_stm32f10x.o(.data) for SystemCoreClock
    stm32f10x_gpio.o(.text) refers to stm32f10x_rcc.o(.text) for RCC_APB2PeriphResetCmd
    stm32f10x_rcc.o(.text) refers to stm32f10x_rcc.o(.data) for APBAHBPrescTable
    stm32f10x_usart.o(.text) refers to stm32f10x_rcc.o(.text) for RCC_APB2PeriphResetCmd
    stm32f10x_pwr.o(.text) refers to stm32f10x_rcc.o(.text) for RCC_APB1PeriphResetCmd
    stm32f10x_tim.o(.text) refers to stm32f10x_rcc.o(.text) for RCC_APB2PeriphResetCmd
    main.o(.text) refers to stm32f10x_gpio.o(.text) for GPIO_Init
    main.o(.text) refers to stm32f10x_exti.o(.text) for EXTI_Init
    main.o(.text) refers to misc.o(.text) for NVIC_Init
    main.o(.text) refers to stm32f10x_usart.o(.text) for USART_ClearITPendingBit
    main.o(.text) refers to stm32f10x_tim.o(.text) for TIM_DeInit
    main.o(.text) refers to packethelper.o(.text) for PacketHelper::GetPacketClientNotifyToServerShutdown(unsigned char)
    main.o(.text) refers to usartsenddata.o(.text) for UsartSendData(unsigned char*, unsigned char)
    main.o(.text) refers to array_del.o(i._ZdaPv) for operator delete[] (void*)
    main.o(.text) refers to stm32f10x_pwr.o(.text) for PWR_WakeUpPinCmd
    main.o(.text) refers to new.o(i._Znwj) for operator new(unsigned)
    main.o(.text) refers to printfa.o(i.__0printf) for __2printf
    main.o(.text) refers to char.o(t._ZNSsD1Ev) for std::basic_string<char, std::char_traits<char>, std::allocator<char>>::~basic_string()
    main.o(.text) refers to delete.o(i._ZdlPv) for operator delete (void*)
    main.o(.text) refers to main.o(.data) for GPIO_Pin_LED_USART_IT_TXE
    main.o(.text) refers to stm32f10x_it.o(.data) for USART_Receive
    main.o(.text) refers to system_stm32f10x.o(.text) for SystemInit
    main.o(.text) refers to delay.o(.text) for delay_init
    main.o(.text) refers to stm32f10x_rcc.o(.text) for RCC_APB2PeriphClockCmd
    main.o(.text) refers to disassemblebuffer.o(.text) for DisassembleBuffer::DisassembleBuffer()
    main.o(.text) refers to stm32f10x_it.o(.bss) for ReceviceBuffer
    main.o(.ARM.exidx) refers to main.o(.text) for .text
    packethelper.o(.text) refers to array_new.o(i._Znaj) for operator new[] (unsigned)
    packethelper.o(.text) refers to array_del.o(i._ZdaPv) for operator delete[] (void*)
    packethelper.o(.text) refers to printfa.o(i.__0sprintf) for __2sprintf
    packethelper.o(.text) refers to locale.o(t._ZNSsC1EPKcRKSaIcE) for std::basic_string<char, std::char_traits<char>, std::allocator<char>>::basic_string(const char*, const std::allocator<char>&)
    packethelper.o(.text) refers to packethelper.o(t._ZNSs7_C_nullEv) for std::basic_string<char, std::char_traits<char>, std::allocator<char>>::_C_null()
    packethelper.o(.text) refers to locale.o(t._ZNSsaSEPKc) for std::basic_string<char, std::char_traits<char>, std::allocator<char>>::operator =(const char*)
    packethelper.o(.text) refers to char.o(t._ZNSs9_C_unlinkEv) for std::basic_string<char, std::char_traits<char>, std::allocator<char>>::_C_unlink()
    packethelper.o(.ARM.exidx) refers to packethelper.o(.text) for .text
    testpackethelper.o(.text) refers to usart.o(.text) for USART2_SystemInit_RCC_Configuration
    testpackethelper.o(.text) refers to printfa.o(i.__0printf) for __2printf
    testpackethelper.o(.text) refers to new.o(i._Znwj) for operator new(unsigned)
    testpackethelper.o(.text) refers to packethelper.o(.text) for PacketHelper::PacketHelper(const unsigned char*)
    testpackethelper.o(.text) refers to testpackethelper.o(.data) for _index_test
    testpackethelper.o(.text) refers to delete.o(i._ZdlPv) for operator delete (void*)
    testpackethelper.o(.ARM.exidx) refers to testpackethelper.o(.text) for .text
    redirect.o(.text) refers to redirect.o(.data) for USART_TEST
    usart.o(.text) refers to system_stm32f10x.o(.text) for SystemInit
    usart.o(.text) refers to stm32f10x_rcc.o(.text) for RCC_APB2PeriphClockCmd
    usart.o(.text) refers to stm32f10x_gpio.o(.text) for GPIO_Init
    usart.o(.text) refers to stm32f10x_usart.o(.text) for USART_Init
    stm32f10x_it.o(.text) refers to stm32f10x_tim.o(.text) for TIM_GetITStatus
    stm32f10x_it.o(.text) refers to stm32f10x_gpio.o(.text) for GPIO_ReadOutputDataBit
    stm32f10x_it.o(.text) refers to delay.o(.text) for delay_ms
    stm32f10x_it.o(.text) refers to packethelper.o(.text) for PacketHelper::GetPacketClientNotifyToServerAlarm(unsigned char, unsigned char)
    stm32f10x_it.o(.text) refers to usartsenddata.o(.text) for UsartSendData(unsigned char*, unsigned char)
    stm32f10x_it.o(.text) refers to array_del.o(i._ZdaPv) for operator delete[] (void*)
    stm32f10x_it.o(.text) refers to stm32f10x_exti.o(.text) for EXTI_ClearITPendingBit
[...]
    NVIC_PriorityGroupConfig                 0x080002dd   Thumb Code    10  misc.o(.text)
    NVIC_Init                                0x080002e7   Thumb Code   102  misc.o(.text)
    NVIC_SetVectorTable                      0x0800034d   Thumb Code    14  misc.o(.text)
    NVIC_SystemLPConfig                      0x0800035b   Thumb Code    34  misc.o(.text)
    SysTick_CLKSourceConfig                  0x0800037d   Thumb Code    40  misc.o(.text)
    GPIO_DeInit                              0x080003b9   Thumb Code   172  stm32f10x_gpio.o(.text)
    GPIO_AFIODeInit                          0x08000465   Thumb Code    20  stm32f10x_gpio.o(.text)
    GPIO_Init                                0x08000479   Thumb Code   274  stm32f10x_gpio.o(.text)
    GPIO_StructInit                          0x0800058b   Thumb Code    16  stm32f10x_gpio.o(.text)
    GPIO_ReadInputDataBit                    0x0800059b   Thumb Code    18  stm32f10x_gpio.o(.text)
    GPIO_ReadInputData                       0x080005ad   Thumb Code     8  stm32f10x_gpio.o(.text)
    GPIO_ReadOutputDataBit                   0x080005b5   Thumb Code    18  stm32f10x_gpio.o(.text)
    GPIO_ReadOutputData                      0x080005c7   Thumb Code     8  stm32f10x_gpio.o(.text)
    GPIO_SetBits                             0x080005cf   Thumb Code     4  stm32f10x_gpio.o(.text)
    GPIO_ResetBits                           0x080005d3   Thumb Code     4  stm32f10x_gpio.o(.text)
    GPIO_WriteBit                            0x080005d7   Thumb Code    10  stm32f10x_gpio.o(.text)
    GPIO_Write                               0x080005e1   Thumb Code     4  stm32f10x_gpio.o(.text)
    GPIO_PinLockConfig                       0x080005e5   Thumb Code    18  stm32f10x_gpio.o(.text)
    GPIO_EventOutputConfig                   0x080005f7   Thumb Code    26  stm32f10x_gpio.o(.text)
    GPIO_EventOutputCmd                      0x08000611   Thumb Code     6  stm32f10x_gpio.o(.text)
    GPIO_PinRemapConfig                      0x08000617   Thumb Code   138  stm32f10x_gpio.o(.text)
    GPIO_EXTILineConfig                      0x080006a1   Thumb Code    66  stm32f10x_gpio.o(.text)
    GPIO_ETH_MediaInterfaceConfig            0x080006e3   Thumb Code     6  stm32f10x_gpio.o(.text)
    RCC_DeInit                               0x08000711   Thumb Code    64  stm32f10x_rcc.o(.text)
    RCC_HSEConfig                            0x08000751   Thumb Code    70  stm32f10x_rcc.o(.text)
    RCC_GetFlagStatus                        0x08000797   Thumb Code    56  stm32f10x_rcc.o(.text)
    RCC_WaitForHSEStartUp                    0x080007cf   Thumb Code    56  stm32f10x_rcc.o(.text)
    RCC_AdjustHSICalibrationValue            0x08000807   Thumb Code    20  stm32f10x_rcc.o(.text)
    RCC_HSICmd                               0x0800081b   Thumb Code     6  stm32f10x_rcc.o(.text)
    RCC_PLLConfig                            0x08000821   Thumb Code    24  stm32f10x_rcc.o(.text)
    RCC_PLLCmd                               0x08000839   Thumb Code     6  stm32f10x_rcc.o(.text)
    RCC_SYSCLKConfig                         0x0800083f   Thumb Code    18  stm32f10x_rcc.o(.text)
    RCC_GetSYSCLKSource                      0x08000851   Thumb Code    10  stm32f10x_rcc.o(.text)
    RCC_HCLKConfig                           0x0800085b   Thumb Code    18  stm32f10x_rcc.o(.text)
    RCC_PCLK1Config                          0x0800086d   Thumb Code    18  stm32f10x_rcc.o(.text)
    RCC_PCLK2Config                          0x0800087f   Thumb Code    20  stm32f10x_rcc.o(.text)
    RCC_ITConfig                             0x08000893   Thumb Code    26  stm32f10x_rcc.o(.text)
    RCC_USBCLKConfig                         0x080008ad   Thumb Code     6  stm32f10x_rcc.o(.text)
    RCC_ADCCLKConfig                         0x080008b3   Thumb Code    18  stm32f10x_rcc.o(.text)
    RCC_LSEConfig                            0x080008c5   Thumb Code    44  stm32f10x_rcc.o(.text)
    RCC_LSICmd                               0x080008f1   Thumb Code     6  stm32f10x_rcc.o(.text)
    RCC_RTCCLKConfig                         0x080008f7   Thumb Code    12  stm32f10x_rcc.o(.text)
    RCC_RTCCLKCmd                            0x08000903   Thumb Code     8  stm32f10x_rcc.o(.text)
    RCC_GetClocksFreq                        0x0800090b   Thumb Code   192  stm32f10x_rcc.o(.text)
    RCC_AHBPeriphClockCmd                    0x080009cb   Thumb Code    26  stm32f10x_rcc.o(.text)
    RCC_APB2PeriphClockCmd                   0x080009e5   Thumb Code    26  stm32f10x_rcc.o(.text)
    RCC_APB1PeriphClockCmd                   0x080009ff   Thumb Code    26  stm32f10x_rcc.o(.text)
    RCC_APB2PeriphResetCmd                   0x08000a19   Thumb Code    26  stm32f10x_rcc.o(.text)
    RCC_APB1PeriphResetCmd                   0x08000a33   Thumb Code    26  stm32f10x_rcc.o(.text)
    RCC_BackupResetCmd                       0x08000a4d   Thumb Code     8  stm32f10x_rcc.o(.text)
    RCC_ClockSecuritySystemCmd               0x08000a55   Thumb Code     6  stm32f10x_rcc.o(.text)
    RCC_MCOConfig                            0x08000a5b   Thumb Code     6  stm32f10x_rcc.o(.text)
    RCC_ClearFlag                            0x08000a61   Thumb Code    14  stm32f10x_rcc.o(.text)
    RCC_GetITStatus                          0x08000a6f   Thumb Code    20  stm32f10x_rcc.o(.text)
    RCC_ClearITPendingBit                    0x08000a83   Thumb Code     6  stm32f10x_rcc.o(.text)
    USART_DeInit                             0x08000ab5   Thumb Code   134  stm32f10x_usart.o(.text)
    USART_Init                               0x08000b3b   Thumb Code   210  stm32f10x_usart.o(.text)
    USART_StructInit                         0x08000c0d   Thumb Code    24  stm32f10x_usart.o(.text)
    USART_ClockInit                          0x08000c25   Thumb Code    34  stm32f10x_usart.o(.text)
    USART_ClockStructInit                    0x08000c47   Thumb Code    12  stm32f10x_usart.o(.text)
    USART_Cmd                                0x08000c53   Thumb Code    24  stm32f10x_usart.o(.text)
    USART_ITConfig                           0x08000c6b   Thumb Code    74  stm32f10x_usart.o(.text)
    USART_DMACmd                             0x08000cb5   Thumb Code    18  stm32f10x_usart.o(.text)
    USART_SetAddress                         0x08000cc7   Thumb Code    18  stm32f10x_usart.o(.text)
    USART_WakeUpConfig                       0x08000cd9   Thumb Code    18  stm32f10x_usart.o(.text)
    USART_ReceiverWakeUpCmd                  0x08000ceb   Thumb Code    24  stm32f10x_usart.o(.text)
    USART_LINBreakDetectLengthConfig         0x08000d03   Thumb Code    18  stm32f10x_usart.o(.text)
    USART_LINCmd                             0x08000d15   Thumb Code    24  stm32f10x_usart.o(.text)
    USART_SendData                           0x08000d2d   Thumb Code     8  stm32f10x_usart.o(.text)
    USART_ReceiveData                        0x08000d35   Thumb Code    10  stm32f10x_usart.o(.text)
    USART_SendBreak                          0x08000d3f   Thumb Code    10  stm32f10x_usart.o(.text)
    USART_SetGuardTime                       0x08000d49   Thumb Code    16  stm32f10x_usart.o(.text)
    USART_SetPrescaler                       0x08000d59   Thumb Code    16  stm32f10x_usart.o(.text)
    USART_SmartCardCmd                       0x08000d69   Thumb Code    24  stm32f10x_usart.o(.text)
    USART_SmartCardNACKCmd                   0x08000d81   Thumb Code    24  stm32f10x_usart.o(.text)
    USART_HalfDuplexCmd                      0x08000d99   Thumb Code    24  stm32f10x_usart.o(.text)
    USART_OverSampling8Cmd                   0x08000db1   Thumb Code    22  stm32f10x_usart.o(.text)
    USART_OneBitMethodCmd                    0x08000dc7   Thumb Code    24  stm32f10x_usart.o(.text)
    USART_IrDAConfig                         0x08000ddf   Thumb Code    18  stm32f10x_usart.o(.text)
    USART_IrDACmd                            0x08000df1   Thumb Code    24  stm32f10x_usart.o(.text)
    USART_GetFlagStatus                      0x08000e09   Thumb Code    26  stm32f10x_usart.o(.text)
    USART_ClearFlag                          0x08000e23   Thumb Code    18  stm32f10x_usart.o(.text)
    USART_GetITStatus                        0x08000e35   Thumb Code    84  stm32f10x_usart.o(.text)
    USART_ClearITPendingBit                  0x08000e89   Thumb Code    52  stm32f10x_usart.o(.text)
    EXTI_DeInit                              0x08000ebd   Thumb Code    28  stm32f10x_exti.o(.text)
    EXTI_Init                                0x08000ed9   Thumb Code   142  stm32f10x_exti.o(.text)
    EXTI_StructInit                          0x08000f67   Thumb Code    16  stm32f10x_exti.o(.text)
    EXTI_GenerateSWInterrupt                 0x08000f77   Thumb Code    16  stm32f10x_exti.o(.text)
    EXTI_GetFlagStatus                       0x08000f87   Thumb Code    22  stm32f10x_exti.o(.text)
    EXTI_ClearFlag                           0x08000f9d   Thumb Code     8  stm32f10x_exti.o(.text)
    EXTI_GetITStatus                         0x08000fa5   Thumb Code    34  stm32f10x_exti.o(.text)
    EXTI_ClearITPendingBit                   0x08000fc7   Thumb Code     8  stm32f10x_exti.o(.text)
    PWR_DeInit                               0x08000fd9   Thumb Code    22  stm32f10x_pwr.o(.text)
    PWR_BackupAccessCmd                      0x08000fef   Thumb Code     6  stm32f10x_pwr.o(.text)
    PWR_PVDCmd                               0x08000ff5   Thumb Code     6  stm32f10x_pwr.o(.text)
    PWR_PVDLevelConfig                       0x08000ffb   Thumb Code    18  stm32f10x_pwr.o(.text)
    PWR_WakeUpPinCmd                         0x0800100d   Thumb Code     6  stm32f10x_pwr.o(.text)
    PWR_EnterSTOPMode                        0x08001013   Thumb Code    54  stm32f10x_pwr.o(.text)
    PWR_EnterSTANDBYMode                     0x08001049   Thumb Code    42  stm32f10x_pwr.o(.text)
    PWR_GetFlagStatus                        0x08001073   Thumb Code    20  stm32f10x_pwr.o(.text)
    PWR_ClearFlag                            0x08001087   Thumb Code    14  stm32f10x_pwr.o(.text)
    TIM_DeInit                               0x080010a5   Thumb Code   424  stm32f10x_tim.o(.text)
    TIM_TimeBaseInit                         0x0800124d   Thumb Code   122  stm32f10x_tim.o(.text)
    TIM_OC1Init                              0x080012c7   Thumb Code   132  stm32f10x_tim.o(.text)
    TIM_OC2Init                              0x0800134b   Thumb Code   154  stm32f10x_tim.o(.text)
    TIM_OC3Init                              0x080013e5   Thumb Code   150  stm32f10x_tim.o(.text)
    TIM_OC4Init                              0x0800147b   Thumb Code   182  stm32f10x_tim.o(.text)
    TIM_SetIC4Prescaler                      0x08001531   Thumb Code    26  stm32f10x_tim.o(.text)
    TIM_SetIC3Prescaler                      0x080015cd   Thumb Code    18  stm32f10x_tim.o(.text)
    TIM_SetIC2Prescaler                      0x08001659   Thumb Code    26  stm32f10x_tim.o(.text)
    TIM_SetIC1Prescaler                      0x080016f5   Thumb Code    18  stm32f10x_tim.o(.text)
    TIM_ICInit                               0x08001773   Thumb Code   150  stm32f10x_tim.o(.text)
    TIM_PWMIConfig                           0x08001809   Thumb Code   124  stm32f10x_tim.o(.text)
    TIM_BDTRConfig                           0x08001885   Thumb Code    32  stm32f10x_tim.o(.text)
    TIM_TimeBaseStructInit                   0x080018a5   Thumb Code    18  stm32f10x_tim.o(.text)
    TIM_OCStructInit                         0x080018b7   Thumb Code    20  stm32f10x_tim.o(.text)
    TIM_ICStructInit                         0x080018cb   Thumb Code    18  stm32f10x_tim.o(.text)
    TIM_BDTRStructInit                       0x080018dd   Thumb Code    40  stm32f10x_tim.o(.text)
    TIM_Cmd                                  0x08001905   Thumb Code    24  stm32f10x_tim.o(.text)
    TIM_CtrlPWMOutputs                       0x0800191d   Thumb Code    30  stm32f10x_tim.o(.text)
    TIM_ITConfig                             0x0800193b   Thumb Code    18  stm32f10x_tim.o(.text)
    TIM_GenerateEvent                        0x0800194d   Thumb Code     4  stm32f10x_tim.o(.text)
    TIM_DMAConfig                            0x08001951   Thumb Code    10  stm32f10x_tim.o(.text)
    TIM_DMACmd                               0x0800195b   Thumb Code    18  stm32f10x_tim.o(.text)
    TIM_InternalClockConfig                  0x0800196d   Thumb Code    12  stm32f10x_tim.o(.text)
    TIM_SelectInputTrigger                   0x08001979   Thumb Code    18  stm32f10x_tim.o(.text)
    TIM_ITRxExternalClockConfig              0x0800198b   Thumb Code    24  stm32f10x_tim.o(.text)
    TIM_TIxExternalClockConfig               0x080019a3   Thumb Code    62  stm32f10x_tim.o(.text)
    TIM_ETRConfig                            0x080019e1   Thumb Code    28  stm32f10x_tim.o(.text)
    TIM_ETRClockMode1Config                  0x080019fd   Thumb Code    54  stm32f10x_tim.o(.text)
    TIM_ETRClockMode2Config                  0x08001a33   Thumb Code    32  stm32f10x_tim.o(.text)
    TIM_PrescalerConfig                      0x08001a53   Thumb Code     6  stm32f10x_tim.o(.text)
    TIM_CounterModeConfig                    0x08001a59   Thumb Code    18  stm32f10x_tim.o(.text)
    TIM_EncoderInterfaceConfig               0x08001a6b   Thumb Code    66  stm32f10x_tim.o(.text)
    TIM_ForcedOC1Config                      0x08001aad   Thumb Code    18  stm32f10x_tim.o(.text)
    TIM_ForcedOC2Config                      0x08001abf   Thumb Code    26  stm32f10x_tim.o(.text)
    TIM_ForcedOC3Config                      0x08001ad9   Thumb Code    18  stm32f10x_tim.o(.text)
    TIM_ForcedOC4Config                      0x08001aeb   Thumb Code    26  stm32f10x_tim.o(.text)
    TIM_ARRPreloadConfig                     0x08001b05   Thumb Code    24  stm32f10x_tim.o(.text)
    TIM_SelectCOM                            0x08001b1d   Thumb Code    24  stm32f10x_tim.o(.text)
    TIM_SelectCCDMA                          0x08001b35   Thumb Code    24  stm32f10x_tim.o(.text)
    TIM_CCPreloadControl                     0x08001b4d   Thumb Code    24  stm32f10x_tim.o(.text)
    TIM_OC1PreloadConfig                     0x08001b65   Thumb Code    18  stm32f10x_tim.o(.text)
    TIM_OC2PreloadConfig                     0x08001b77   Thumb Code    26  stm32f10x_tim.o(.text)
    TIM_OC3PreloadConfig                     0x08001b91   Thumb Code    18  stm32f10x_tim.o(.text)
    TIM_OC4PreloadConfig                     0x08001ba3   Thumb Code    26  stm32f10x_tim.o(.text)
    TIM_OC1FastConfig                        0x08001bbd   Thumb Code    18  stm32f10x_tim.o(.text)
    TIM_OC2FastConfig                        0x08001bcf   Thumb Code    26  stm32f10x_tim.o(.text)
    TIM_OC3FastConfig                        0x08001be9   Thumb Code    18  stm32f10x_tim.o(.text)
    TIM_OC4FastConfig                        0x08001bfb   Thumb Code    26  stm32f10x_tim.o(.text)
    TIM_ClearOC1Ref                          0x08001c15   Thumb Code    18  stm32f10x_tim.o(.text)
    TIM_ClearOC2Ref                          0x08001c27   Thumb Code    24  stm32f10x_tim.o(.text)
    TIM_ClearOC3Ref                          0x08001c3f   Thumb Code    18  stm32f10x_tim.o(.text)
    TIM_ClearOC4Ref                          0x08001c51   Thumb Code    24  stm32f10x_tim.o(.text)
    TIM_OC1PolarityConfig                    0x08001c69   Thumb Code    18  stm32f10x_tim.o(.text)
    TIM_OC1NPolarityConfig                   0x08001c7b   Thumb Code    18  stm32f10x_tim.o(.text)
    TIM_OC2PolarityConfig                    0x08001c8d   Thumb Code    26  stm32f10x_tim.o(.text)
    TIM_OC2NPolarityConfig                   0x08001ca7   Thumb Code    26  stm32f10x_tim.o(.text)
    TIM_OC3PolarityConfig                    0x08001cc1   Thumb Code    26  stm32f10x_tim.o(.text)
    TIM_OC3NPolarityConfig                   0x08001cdb   Thumb Code    26  stm32f10x_tim.o(.text)
    TIM_OC4PolarityConfig                    0x08001cf5   Thumb Code    26  stm32f10x_tim.o(.text)
    TIM_CCxCmd                               0x08001d0f   Thumb Code    30  stm32f10x_tim.o(.text)
    TIM_CCxNCmd                              0x08001d2d   Thumb Code    30  stm32f10x_tim.o(.text)
    TIM_SelectOCxM                           0x08001d4b   Thumb Code    82  stm32f10x_tim.o(.text)
    TIM_UpdateDisableConfig                  0x08001d9d   Thumb Code    24  stm32f10x_tim.o(.text)
    TIM_UpdateRequestConfig                  0x08001db5   Thumb Code    24  stm32f10x_tim.o(.text)
    TIM_SelectHallSensor                     0x08001dcd   Thumb Code    24  stm32f10x_tim.o(.text)
    TIM_SelectOnePulseMode                   0x08001de5   Thumb Code    18  stm32f10x_tim.o(.text)
    TIM_SelectOutputTrigger                  0x08001df7   Thumb Code    18  stm32f10x_tim.o(.text)
    TIM_SelectSlaveMode                      0x08001e09   Thumb Code    18  stm32f10x_tim.o(.text)
    TIM_SelectMasterSlaveMode                0x08001e1b   Thumb Code    18  stm32f10x_tim.o(.text)
    TIM_SetCounter                           0x08001e2d   Thumb Code     4  stm32f10x_tim.o(.text)
    TIM_SetAutoreload                        0x08001e31   Thumb Code     4  stm32f10x_tim.o(.text)
    TIM_SetCompare1                          0x08001e35   Thumb Code     4  stm32f10x_tim.o(.text)
    TIM_SetCompare2                          0x08001e39   Thumb Code     4  stm32f10x_tim.o(.text)
    TIM_SetCompare3                          0x08001e3d   Thumb Code     4  stm32f10x_tim.o(.text)
    TIM_SetCompare4                          0x08001e41   Thumb Code     6  stm32f10x_tim.o(.text)
    TIM_SetClockDivision                     0x08001e47   Thumb Code    18  stm32f10x_tim.o(.text)
    TIM_GetCapture1                          0x08001e59   Thumb Code     6  stm32f10x_tim.o(.text)
    TIM_GetCapture2                          0x08001e5f   Thumb Code     6  stm32f10x_tim.o(.text)
    TIM_GetCapture3                          0x08001e65   Thumb Code     6  stm32f10x_tim.o(.text)
    TIM_GetCapture4                          0x08001e6b   Thumb Code     8  stm32f10x_tim.o(.text)
    TIM_GetCounter                           0x08001e73   Thumb Code     6  stm32f10x_tim.o(.text)
    TIM_GetPrescaler                         0x08001e79   Thumb Code     6  stm32f10x_tim.o(.text)
    TIM_GetFlagStatus                        0x08001e7f   Thumb Code    18  stm32f10x_tim.o(.text)
    TIM_ClearFlag                            0x08001e91   Thumb Code     6  stm32f10x_tim.o(.text)
    TIM_GetITStatus                          0x08001e97   Thumb Code    34  stm32f10x_tim.o(.text)
    TIM_ClearITPendingBit                    0x08001eb9   Thumb Code     6  stm32f10x_tim.o(.text)
    GPIO_LED_Init(GPIO_InitTypeDef&)         0x08001ec1   Thumb Code   134  main.o(.text)
    GPIO_USART_Init(GPIO_InitTypeDef&)       0x08001f47   Thumb Code    90  main.o(.text)
    GPIO_Alarm_Init(GPIO_InitTypeDef&)       0x08001fa1   Thumb Code    80  main.o(.text)
    EXTI_NVIC_Alarm_Init(EXTI_InitTypeDef&, NVIC_InitTypeDef&) 0x08001ff1   Thumb Code    94  main.o(.text)
    NVIC_USART_Init(NVIC_InitTypeDef&)       0x0800204f   Thumb Code    56  main.o(.text)
    USART_Config(USART_InitTypeDef&)         0x08002087   Thumb Code   142  main.o(.text)
    TIM_Init(NVIC_InitTypeDef&)              0x08002115   Thumb Code   104  main.o(.text)
    EnterSTANDBYMode()                       0x0800217d   Thumb Code    96  main.o(.text)
    OnReceivePocketData(unsigned char*, unsigned char) 0x080021dd   Thumb Code   184  main.o(.text)
    OnReceiveError(char*, unsigned char)     0x08002295   Thumb Code   128  main.o(.text)
    main                                     0x08002315   Thumb Code   206  main.o(.text)
    EnterRunMode()                           0x080023e3   Thumb Code     2  main.o(.text)
    CRC16                                    0x080023f9   Thumb Code    62  packethelper.o(.text)
    PacketHelper::PacketHelper()             0x08002437   Thumb Code    20  packethelper.o(.text)
    PacketHelper::PacketHelper__sub_object() 0x08002437   Thumb Code     0  packethelper.o(.text)
    PacketHelper::PacketHelper(const unsigned char*) 0x0800244b   Thumb Code    36  packethelper.o(.text)
    PacketHelper::PacketHelper__sub_object(const unsigned char*) 0x0800244b   Thumb Code     0  packethelper.o(.text)
    PacketHelper::DeleteArrayBuffer(unsigned char*) 0x0800246f   Thumb Code    16  packethelper.o(.text)
    PacketHelper::~PacketHelper()            0x0800247f   Thumb Code    14  packethelper.o(.text)
    PacketHelper::~PacketHelper__sub_object() 0x0800247f   Thumb Code     0  packethelper.o(.text)
    PacketHelper::CreatePacket(unsigned char, PacketType, unsigned short, unsigned short) 0x0800248d   Thumb Code    74  packethelper.o(.text)
    PacketHelper::CreateCmdPacket(unsigned char, CommandCodeType, unsigned short) 0x080024d7   Thumb Code    22  packethelper.o(.text)
    PacketHelper::CreateDataPacket(unsigned char, CommandCodeType, unsigned short) 0x080024ed   Thumb Code    22  packethelper.o(.text)
    PacketHelper::GetPacketClientNotifyToServerAlarm(unsigned char, unsigned char) 0x08002503   Thumb Code    18  packethelper.o(.text)
    PacketHelper::GetPacketClientNotifyToServerShutdown(unsigned char) 0x08002515   Thumb Code    16  packethelper.o(.text)
    PacketHelper::GetPacketClientReplyOnline(unsigned char) 0x08002525   Thumb Code    16  packethelper.o(.text)
    PacketHelper::ByteArrayToHexString(unsigned char*, unsigned char) 0x08002535   Thumb Code    74  packethelper.o(.text)
    PacketHelper::GetSenderID()              0x0800257f   Thumb Code     8  packethelper.o(.text)
    PacketHelper::GetCommandCode()           0x08002587   Thumb Code    18  packethelper.o(.text)
    PacketHelper::GetCommandPara()           0x08002599   Thumb Code    18  packethelper.o(.text)
    PacketHelper::GetPacketType()            0x080025ab   Thumb Code     8  packethelper.o(.text)
    PacketHelper::GetCRC()                   0x080025b3   Thumb Code    18  packethelper.o(.text)
    PacketHelper::Describe()                 0x080025c5   Thumb Code   218  packethelper.o(.text)
    PacketHelper::ToString()                 0x0800269f   Thumb Code    18  packethelper.o(.text)
    SendChar                                 0x08002785   Thumb Code    26  redirect.o(.text)
    fputc                                    0x0800279f   Thumb Code    14  redirect.o(.text)
    GetKey                                   0x080027ad   Thumb Code    26  redirect.o(.text)
    fgetc                                    0x080027c7   Thumb Code    16  redirect.o(.text)
    _ttywrch                                 0x080027d7   Thumb Code    12  redirect.o(.text)
    ferror                                   0x080027e3   Thumb Code     8  redirect.o(.text)
    _sys_exit                                0x080027eb   Thumb Code     4  redirect.o(.text)
    TIM1_UP_IRQHandler                       0x080027f5   Thumb Code    66  stm32f10x_it.o(.text)
    SendDataAlarmInfoToServer(unsigned, unsigned short, unsigned char) 0x08002837   Thumb Code    68  stm32f10x_it.o(.text)
    EXTI9_5_IRQHandler                       0x0800287b   Thumb Code    98  stm32f10x_it.o(.text)
    USART2_IRQHandler                        0x080028dd   Thumb Code   228  stm32f10x_it.o(.text)
    USART1_IRQHandler                        0x080029c1   Thumb Code   170  stm32f10x_it.o(.text)
    NMI_Handler                              0x08002a6b   Thumb Code     2  stm32f10x_it.o(.text)
    HardFault_Handler                        0x08002a6d   Thumb Code     4  stm32f10x_it.o(.text)
    MemManage_Handler                        0x08002a71   Thumb Code     4  stm32f10x_it.o(.text)
    BusFault_Handler                         0x08002a75   Thumb Code     4  stm32f10x_it.o(.text)
    UsageFault_Handler                       0x08002a79   Thumb Code     4  stm32f10x_it.o(.text)
    SVC_Handler                              0x08002a7d   Thumb Code     2  stm32f10x_it.o(.text)
    DebugMon_Handler                         0x08002a7f   Thumb Code     2  stm32f10x_it.o(.text)
    PendSV_Handler                           0x08002a81   Thumb Code     2  stm32f10x_it.o(.text)
    SysTick_Handler                          0x08002a83   Thumb Code     2  stm32f10x_it.o(.text)
    DisassembleBuffer::DisassembleBuffer()   0x08002ae5   Thumb Code    10  disassemblebuffer.o(.text)
    DisassembleBuffer::DisassembleBuffer__sub_object() 0x08002ae5   Thumb Code     0  disassemblebuffer.o(.text)
    DisassembleBuffer::~DisassembleBuffer()  0x08002aef   Thumb Code     2  disassemblebuffer.o(.text)
    DisassembleBuffer::~DisassembleBuffer__sub_object() 0x08002aef   Thumb Code     0  disassemblebuffer.o(.text)
    DisassembleBuffer::FindHeadIndex(unsigned char*, unsigned char, int, int) 0x08002af1   Thumb Code    48  disassemblebuffer.o(.text)
    DisassembleBuffer::Processing(unsigned char*, int) 0x08002b21   Thumb Code   322  disassemblebuffer.o(.text)
    DisassembleBuffer::SetReceivePocketDataHandler(void(*)(unsigned char*, unsigned char)) 0x08002c63   Thumb Code     4  disassemblebuffer.o(.text)
    DisassembleBuffer::SetReceiveErrorHandler(void(*)(char*, unsigned char)) 0x08002c67   Thumb Code     4  disassemblebuffer.o(.text)
    UsartDisplayData(unsigned char*, unsigned char) 0x08002cb5   Thumb Code   162  usartsenddata.o(.text)
    UsartSendData(unsigned char*, unsigned char) 0x08002d57   Thumb Code    78  usartsenddata.o(.text)
    UsartSendData(char*, unsigned char)      0x08002da5   Thumb Code    78  usartsenddata.o(.text)
    delay_init                               0x08002e19   Thumb Code    56  delay.o(.text)
    delay_ms                                 0x08002e51   Thumb Code    54  delay.o(.text)
    Reset_Handler                            0x08002e91   Thumb Code     8  startup_stm32f10x_md.o(.text)
    ADC1_2_IRQHandler                        0x08002eab   Thumb Code     0  startup_stm32f10x_md.o(.text)
    CAN1_RX1_IRQHandler                      0x08002eab   Thumb Code     0  startup_stm32f10x_md.o(.text)
    CAN1_SCE_IRQHandler                      0x08002eab   Thumb Code     0  startup_stm32f10x_md.o(.text)
    DMA1_Channel1_IRQHandler                 0x08002eab   Thumb Code     0  startup_stm32f10x_md.o(.text)
    DMA1_Channel2_IRQHandler                 0x08002eab   Thumb Code     0  startup_stm32f10x_md.o(.text)
    DMA1_Channel3_IRQHandler                 0x08002eab   Thumb Code     0  startup_stm32f10x_md.o(.text)
    DMA1_Channel4_IRQHandler                 0x08002eab   Thumb Code     0  startup_stm32f10x_md.o(.text)
    DMA1_Channel5_IRQHandler                 0x08002eab   Thumb Code     0  startup_stm32f10x_md.o(.text)
    DMA1_Channel6_IRQHandler                 0x08002eab   Thumb Code     0  startup_stm32f10x_md.o(.text)
    DMA1_Channel7_IRQHandler                 0x08002eab   Thumb Code     0  startup_stm32f10x_md.o(.text)
    EXTI0_IRQHandler                         0x08002eab   Thumb Code     0  startup_stm32f10x_md.o(.text)
    EXTI15_10_IRQHandler                     0x08002eab   Thumb Code     0  startup_stm32f10x_md.o(.text)
    EXTI1_IRQHandler                         0x08002eab   Thumb Code     0  startup_stm32f10x_md.o(.text)
    EXTI2_IRQHandler                         0x08002eab   Thumb Code     0  startup_stm32f10x_md.o(.text)
    EXTI3_IRQHandler                         0x08002eab   Thumb Code     0  startup_stm32f10x_md.o(.text)
    EXTI4_IRQHandler                         0x08002eab   Thumb Code     0  startup_stm32f10x_md.o(.text)
    FLASH_IRQHandler                         0x08002eab   Thumb Code     0  startup_stm32f10x_md.o(.text)
    I2C1_ER_IRQHandler                       0x08002eab   Thumb Code     0  startup_stm32f10x_md.o(.text)
    I2C1_EV_IRQHandler                       0x08002eab   Thumb Code     0  startup_stm32f10x_md.o(.text)
    I2C2_ER_IRQHandler                       0x08002eab   Thumb Code     0  startup_stm32f10x_md.o(.text)
    I2C2_EV_IRQHandler                       0x08002eab   Thumb Code     0  startup_stm32f10x_md.o(.text)
    PVD_IRQHandler                           0x08002eab   Thumb Code     0  startup_stm32f10x_md.o(.text)
    RCC_IRQHandler                           0x08002eab   Thumb Code     0  startup_stm32f10x_md.o(.text)
    RTCAlarm_IRQHandler                      0x08002eab   Thumb Code     0  startup_stm32f10x_md.o(.text)
    RTC_IRQHandler                           0x08002eab   Thumb Code     0  startup_stm32f10x_md.o(.text)
    SPI1_IRQHandler                          0x08002eab   Thumb Code     0  startup_stm32f10x_md.o(.text)
    SPI2_IRQHandler                          0x08002eab   Thumb Code     0  startup_stm32f10x_md.o(.text)
    TAMPER_IRQHandler                        0x08002eab   Thumb Code     0  startup_stm32f10x_md.o(.text)
    TIM1_BRK_IRQHandler                      0x08002eab   Thumb Code     0  startup_stm32f10x_md.o(.text)
    TIM1_CC_IRQHandler                       0x08002eab   Thumb Code     0  startup_stm32f10x_md.o(.text)
    TIM1_TRG_COM_IRQHandler                  0x08002eab   Thumb Code     0  startup_stm32f10x_md.o(.text)
    TIM2_IRQHandler                          0x08002eab   Thumb Code     0  startup_stm32f10x_md.o(.text)
    TIM3_IRQHandler                          0x08002eab   Thumb Code     0  startup_stm32f10x_md.o(.text)
    TIM4_IRQHandler                          0x08002eab   Thumb Code     0  startup_stm32f10x_md.o(.text)
    USART3_IRQHandler                        0x08002eab   Thumb Code     0  startup_stm32f10x_md.o(.text)
    USBWakeUp_IRQHandler                     0x08002eab   Thumb Code     0  startup_stm32f10x_md.o(.text)
    USB_HP_CAN1_TX_IRQHandler                0x08002eab   Thumb Code     0  startup_stm32f10x_md.o(.text)
    USB_LP_CAN1_RX0_IRQHandler               0x08002eab   Thumb Code     0  startup_stm32f10x_md.o(.text)
    WWDG_IRQHandler                          0x08002eab   Thumb Code     0  startup_stm32f10x_md.o(.text)
    ___aeabi_memcpy$base                     0x08002eb5   Thumb Code    36  memcpya.o(.text)
    __aeabi_memcpy4                          0x08002eb5   Thumb Code     0  memcpya.o(.text)
    __aeabi_memcpy8                          0x08002eb5   Thumb Code     0  memcpya.o(.text)
    ___aeabi_memcpy$move                     0x08002ed9   Thumb Code    64  memmovea.o(.text)
    ___aeabi_memcpy4$move                    0x08002ed9   Thumb Code     0  memmovea.o(.text)
    ___aeabi_memcpy8$move                    0x08002ed9   Thumb Code     0  memmovea.o(.text)
    ___aeabi_memmove$base                    0x08002ed9   Thumb Code     0  memmovea.o(.text)
    __aeabi_memmove4                         0x08002ed9   Thumb Code     0  memmovea.o(.text)
    __aeabi_memmove8                         0x08002ed9   Thumb Code     0  memmovea.o(.text)
    strlen                                   0x08002f19   Thumb Code    14  strlen.o(.text)
    __aeabi_vec_delete                       0x08002f27   Thumb Code    14  aeabi_vec_delete_noexceptions.o(.text)
    __default_new_handler()                  0x08002f35   Thumb Code     4  arm_newhandler_noexceptions.o(.text)
    __aeabi_uidiv                            0x08002f39   Thumb Code     0  uidiv.o(.text)
    __aeabi_uidivmod                         0x08002f39   Thumb Code    44  uidiv.o(.text)
    __aeabi_uldivmod                         0x08002f65   Thumb Code    98  uldiv.o(.text)
    strcat                                   0x08002fc7   Thumb Code    24  strcat.o(.text)
    strcpy                                   0x08002fdf   Thumb Code    18  strcpy.o(.text)
    strrchr                                  0x08002ff1   Thumb Code    32  strrchr.o(.text)
    sscanf                                   0x08003011   Thumb Code    48  sscanf.o(.text)
    __I$use$fp                               0x08003049   Thumb Code     0  iusefp.o(.text)
    __rt_new_handler_addr                    0x08003049   Thumb Code     4  cpp_memory.o(.text)
    __aeabi_unwind_cpp_pr0                   0x08003051   Thumb Code     4  cpp_unwinder.o(.text)
    __aeabi_unwind_cpp_pr1                   0x08003055   Thumb Code     4  cpp_unwinder.o(.text)
    _Unwind_DeleteException                  0x08003059   Thumb Code     2  cpp_unwinder.o(.text)
    _Unwind_Activity                         0x0800305b   Thumb Code     2  cpp_unwinder.o(.text)
    _Unwind_RaiseException                   0x0800305d   Thumb Code     4  cpp_unwinder.o(.text)
    __rt_eh_globals_addr                     0x08003061   Thumb Code    10  cpp_unwinder.o(.text)
    __aeabi_dadd                             0x08003071   Thumb Code   322  dadd.o(.text)
    __aeabi_dsub                             0x080031b3   Thumb Code     6  dadd.o(.text)
    __aeabi_drsub                            0x080031b9   Thumb Code     6  dadd.o(.text)
    __aeabi_dmul                             0x080031bf   Thumb Code   228  dmul.o(.text)
    __aeabi_ddiv                             0x080032a3   Thumb Code   222  ddiv.o(.text)
    __aeabi_d2ulz                            0x08003381   Thumb Code    48  dfixul.o(.text)
    __aeabi_cdrcmple                         0x080033b1   Thumb Code    38  cdrcmple.o(.text)
    __cxa_get_globals                        0x080033df   Thumb Code    62  arm_exceptions_globs.o(.text)
    std::terminate()                         0x08003429   Thumb Code    26  arm_exceptions_terminate.o(.text)
    __scatterload                            0x08003445   Thumb Code    28  init.o(.text)
    __scatterload_rt2                        0x08003445   Thumb Code     0  init.o(.text)
    __aeabi_llsl                             0x08003469   Thumb Code    30  llshl.o(.text)
    _ll_shift_l                              0x08003469   Thumb Code     0  llshl.o(.text)
    __aeabi_llsr                             0x08003487   Thumb Code    32  llushr.o(.text)
    _ll_ushift_r                             0x08003487   Thumb Code     0  llushr.o(.text)
    __aeabi_lasr                             0x080034a7   Thumb Code    36  llsshr.o(.text)
    _ll_sshift_r                             0x080034a7   Thumb Code     0  llsshr.o(.text)
    __rt_ctype_table                         0x080034cd   Thumb Code     4  ctype_o.o(.text)
    isspace                                  0x080034d5   Thumb Code    18  isspace_o.o(.text)
    ____aeabi_memcpy4$ret$move               0x080034e7   Thumb Code     0  memmove.o(.text)
    ____aeabi_memcpy8$ret$move               0x080034e7   Thumb Code     0  memmove.o(.text)
    ___aeabi_memmove4$ret                    0x080034e7   Thumb Code     0  memmove.o(.text)
    ___aeabi_memmove8$ret                    0x080034e7   Thumb Code     0  memmove.o(.text)
    __aeabi_memcpy                           0x080034e7   Thumb Code    66  memmove.o(.text)
    __aeabi_memmove                          0x080034e7   Thumb Code     0  memmove.o(.text)
    memcpy                                   0x080034e7   Thumb Code     0  memmove.o(.text)
    memmove                                  0x080034e7   Thumb Code     0  memmove.o(.text)
    strcmp                                   0x08003529   Thumb Code    28  strcmp.o(.text)
    _scanf_longlong                          0x08003545   Thumb Code   342  _scanf_longlong.o(.text)
    _scanf_int                               0x0800369b   Thumb Code   336  _scanf_int.o(.text)
    _scanf_string                            0x080037eb   Thumb Code   218  _scanf_str.o(.text)
    _scanf_real                              0x080039c5   Thumb Code     0  scanf_fp.o(.text)
    _scanf_really_real                       0x080039c5   Thumb Code   560  scanf_fp.o(.text)
    __vfscanf_char                           0x08003c0d   Thumb Code    20  scanf_char.o(.text)
    _sgetc                                   0x08003c29   Thumb Code    30  _sgetc.o(.text)
    _sbackspace                              0x08003c47   Thumb Code    34  _sgetc.o(.text)
    _double_round                            0x08003c69   Thumb Code    26  depilogue.o(.text)
    _double_epilogue                         0x08003c83   Thumb Code   164  depilogue.o(.text)
    __aeabi_vec_dtor                         0x08003d27   Thumb Code    34  aeabi_vec_dtor_noexceptions.o(.text)
    __ARM_exceptions_buffer_init             0x08003d49   Thumb Code    18  arm_exceptions_mem.o(.text)
    __ARM_exceptions_buffer_allocate         0x08003d5b   Thumb Code    22  arm_exceptions_mem.o(.text)
    __ARM_exceptions_buffer_free             0x08003d71   Thumb Code    20  arm_exceptions_mem.o(.text)
    __cxa_rethrow                            0x08003d85   Thumb Code     2  arm_rethrow_noexceptions.o(.text)
    _chval                                   0x08003d87   Thumb Code    28  _chval.o(.text)
    __vfscanf                                0x08003da5   Thumb Code   806  _scanf.o(.text)
    __rt_ddtor_pointer_addr                  0x080040d1   Thumb Code     4  cpp_dtor.o(.text)
    __rt_lib_shutdown_cpp_1                  0x080040d9   Thumb Code     2  cpp_final.o(.text)
    __aeabi_ul2d                             0x080040db   Thumb Code    24  dfltul.o(.text)
    __aeabi_d2f                              0x080040f3   Thumb Code    56  d2f.o(.text)
    _float_round                             0x0800412b   Thumb Code    18  fepilogue.o(.text)
    _float_epilogue                          0x0800413d   Thumb Code    90  fepilogue.o(.text)
    __ARM_vec_cleanup                        0x08004197   Thumb Code    28  ARM_vec_cleanup_noexceptions.o(.text)
    catgets(__rw::__rw_cat*, int, int, const char*) 0x080041c9   Thumb Code    28  rwcats.o(i._Z7catgetsPN4__rw8__rw_catEiiPKc)
    catopen(const char*, int)                0x080041e9   Thumb Code    34  rwcats.o(i._Z7catopenPKci)
    __rw::__rw_throw(int, ...)               0x0800420d   Thumb Code    86  rwstdexcept.o(i._ZN4__rw10__rw_throwEiz)
    __rw::__rw_allocate(unsigned, int)       0x08004269   Thumb Code    32  rwalloc.o(i._ZN4__rw13__rw_allocateEji)
    __rw::__rw_deallocate(void*, unsigned, int) 0x08004451   Thumb Code     4  rwalloc.o(i._ZN4__rw15__rw_deallocateEPvji)
    __rw::__rw_facet_base::_C_initfacet(const std::locale&) 0x08004455   Thumb Code     2  char.o(i._ZN4__rw15__rw_facet_base12_C_initfacetERKSt6locale)
    __rw::__rw_locale_imp::__rw_locale_imp(const char*, unsigned, unsigned) 0x08004459   Thumb Code   218  locale.o(i._ZN4__rw15__rw_locale_impC1EPKcjj)
    __rw::__rw_locale_imp::__rw_locale_imp__sub_object(const char*, unsigned, unsigned) 0x08004459   Thumb Code     0  locale.o(i._ZN4__rw15__rw_locale_impC1EPKcjj)
    __rw::__rw_locale_imp::~__rw_locale_imp() 0x0800453d   Thumb Code    28  locale.o(i._ZN4__rw15__rw_locale_impD1Ev)
    __rw::__rw_locale_imp::~__rw_locale_imp__sub_object() 0x0800453d   Thumb Code     0  locale.o(i._ZN4__rw15__rw_locale_impD1Ev)
    __rw::__rw_use_c_lib_locale::__rw_use_c_lib_locale(const char*, int) 0x08004559   Thumb Code    58  locale.o(i._ZN4__rw21__rw_use_c_lib_localeC1EPKci)
    __rw::__rw_use_c_lib_locale::__rw_use_c_lib_locale__sub_object(const char*, int) 0x08004559   Thumb Code     0  locale.o(i._ZN4__rw21__rw_use_c_lib_localeC1EPKci)
    __rw::__rw_use_c_lib_locale::~__rw_use_c_lib_locale() 0x08004593   Thumb Code    24  char.o(i._ZN4__rw21__rw_use_c_lib_localeD1Ev)
    __rw::__rw_use_c_lib_locale::~__rw_use_c_lib_locale__sub_object() 0x08004593   Thumb Code     0  char.o(i._ZN4__rw21__rw_use_c_lib_localeD1Ev)
    __rw::__rw_throw_exception_noex(int, char*) 0x080045ad   Thumb Code    58  rwthrowproc_impl_noex.o(i._ZN4__rw25__rw_throw_exception_noexEiPc)
    __rw::__catfind(__rw::__rw_cat*)         0x08004645   Thumb Code    42  rwcats.o(i._ZN4__rw9__catfindEPNS_8__rw_catE)
    std::__rw_exception::what() const        0x08004675   Thumb Code     4  rwstdexcept.o(i._ZNKSt14__rw_exception4whatEv)
    std::__rw_messages_base::_C_cat_open(const std::basic_string<char, std::char_traits<char>, std::allocator<char>>&, const std::locale&) const 0x08004679   Thumb Code   210  messages.o(i._ZNKSt18__rw_messages_base11_C_cat_openERKSsRKSt6locale)
    std::__rw_messages_base::_C_get_locale(int) const 0x08004755   Thumb Code    32  messages.o(i._ZNKSt18__rw_messages_base13_C_get_localeEi)
    std::__rw_messages_base::_C_get_message(int, int, int) const 0x08004775   Thumb Code    52  messages.o(i._ZNKSt18__rw_messages_base14_C_get_messageEiii)
    std::ctype<char>::is(std::ctype_base::mask, char) const 0x080047a9   Thumb Code    14  char.o(i._ZNKSt5ctypeIcE2isENSt10ctype_base4maskEc)
    std::locale::_C_make_facet(const std::locale::id&, bool, int, __rw::__rw_facet_base*(*)(int, const char*, unsigned)) const 0x080047b9   Thumb Code   252  locale.o(i._ZNKSt6locale13_C_make_facetERKNS_2idEbiPFPN4__rw15__rw_facet_baseEiPKcjE)
    std::locale::_C_install_facet(__rw::__rw_facet_base*, const std::locale::id&) const 0x080048bd   Thumb Code   110  locale.o(i._ZNKSt6locale16_C_install_facetEPN4__rw15__rw_facet_baseERKNS_2idE)
    std::locale::name() const                0x08004931   Thumb Code    44  locale.o(i._ZNKSt6locale4nameEv)
    std::char_traits<char>::copy(char*, const char*, unsigned) 0x08004961   Thumb Code    12  char.o(i._ZNSt11char_traitsIcE4copyEPcPKcj)
    std::ctype_byname<char>::_C_get_mask_table(const char*) 0x0800496d   Thumb Code   186  char.o(i._ZNSt12ctype_bynameIcE17_C_get_mask_tableEPKc)
    std::ctype_byname<char>::ctype_byname(const char*, unsigned) 0x08004a39   Thumb Code   280  char.o(i._ZNSt12ctype_bynameIcEC1EPKcj)
    std::ctype_byname<char>::ctype_byname__sub_object(const char*, unsigned) 0x08004a39   Thumb Code     0  char.o(i._ZNSt12ctype_bynameIcEC1EPKcj)
    std::ctype_byname<char>::~ctype_byname__deallocating() 0x08004b59   Thumb Code    14  char.o(i._ZNSt12ctype_bynameIcED0Ev)
    std::__rw_exception::_C_vformat(int, std::__va_list) 0x08004b69   Thumb Code   128  rwstdexcept.o(i._ZNSt14__rw_exception10_C_vformatEiSt9__va_list)
    std::__rw_exception::__rw_exception()    0x08004bed   Thumb Code    16  rwstdexcept.o(i._ZNSt14__rw_exceptionC1Ev)
    std::__rw_exception::__rw_exception__sub_object() 0x08004bed   Thumb Code     0  rwstdexcept.o(i._ZNSt14__rw_exceptionC1Ev)
    std::__rw_exception::~__rw_exception()   0x08004c01   Thumb Code    22  rwstdexcept.o(i._ZNSt14__rw_exceptionD1Ev)
    std::__rw_exception::~__rw_exception__sub_object() 0x08004c01   Thumb Code     0  rwstdexcept.o(i._ZNSt14__rw_exceptionD1Ev)
    std::__rw_open_cat_data::__rw_open_cat_data() 0x08004c1d   Thumb Code    26  messages.o(i._ZNSt18__rw_open_cat_dataC1Ev)
    std::__rw_open_cat_data::__rw_open_cat_data__sub_object() 0x08004c1d   Thumb Code     0  messages.o(i._ZNSt18__rw_open_cat_dataC1Ev)
    std::__rw_open_cat_data::~__rw_open_cat_data() 0x08004c37   Thumb Code    12  messages.o(i._ZNSt18__rw_open_cat_dataD1Ev)
    std::__rw_open_cat_data::~__rw_open_cat_data__sub_object() 0x08004c37   Thumb Code     0  messages.o(i._ZNSt18__rw_open_cat_dataD1Ev)
    std::__rw_open_cat_data::operator =(const std::__rw_open_cat_data&) 0x08004c43   Thumb Code    18  messages.o(i._ZNSt18__rw_open_cat_dataaSERKS_)
    std::ctype<char>::_C_initfacet(const std::locale&) 0x08004c55   Thumb Code   250  char.o(i._ZNSt5ctypeIcE12_C_initfacetERKSt6locale)
    std::ctype<char>::ctype(const std::ctype_base::mask*, bool, unsigned) 0x08004d51   Thumb Code   270  char.o(i._ZNSt5ctypeIcEC1EPKNSt10ctype_base4maskEbj)
    std::ctype<char>::ctype__sub_object(const std::ctype_base::mask*, bool, unsigned) 0x08004d51   Thumb Code     0  char.o(i._ZNSt5ctypeIcEC1EPKNSt10ctype_base4maskEbj)
    std::ctype<char>::~ctype__deallocating() 0x08004e69   Thumb Code    14  char.o(i._ZNSt5ctypeIcED0Ev)
    std::ctype<char>::~ctype()               0x08004e79   Thumb Code    34  char.o(i._ZNSt5ctypeIcED1Ev)
    std::ctype<char>::~ctype__sub_object()   0x08004e79   Thumb Code     0  char.o(i._ZNSt5ctypeIcED1Ev)
    std::locale::facet::~facet__deallocating() 0x08004ea1   Thumb Code     4  rwstdexcept.o(i._ZNSt6locale5facetD0Ev)
    std::locale::_C_init()                   0x08004ea5   Thumb Code   120  locale.o(i._ZNSt6locale7_C_initEv)
    std::locale::classic()                   0x08004f29   Thumb Code    56  locale.o(i._ZNSt6locale7classicEv)
    std::locale::locale(__rw::__rw_locale_imp*) 0x08004f6d   Thumb Code    28  locale.o(i._ZNSt6localeC1EPN4__rw15__rw_locale_impE)
    std::locale::locale__sub_object(__rw::__rw_locale_imp*) 0x08004f6d   Thumb Code     0  locale.o(i._ZNSt6localeC1EPN4__rw15__rw_locale_impE)
    std::locale::locale(const std::locale&)  0x08004f8d   Thumb Code    12  messages.o(i._ZNSt6localeC1ERKS_)
    std::locale::locale__sub_object(const std::locale&) 0x08004f8d   Thumb Code     0  messages.o(i._ZNSt6localeC1ERKS_)
    std::locale::locale()                    0x08004f99   Thumb Code    28  rwstdexcept.o(i._ZNSt6localeC1Ev)
    std::locale::locale__sub_object()        0x08004f99   Thumb Code     0  rwstdexcept.o(i._ZNSt6localeC1Ev)
    std::locale::~locale()                   0x08004fb9   Thumb Code    32  locale.o(i._ZNSt6localeD1Ev)
    std::locale::~locale__sub_object()       0x08004fb9   Thumb Code     0  locale.o(i._ZNSt6localeD1Ev)
    std::locale::operator =(const std::locale&) 0x08004fd9   Thumb Code    50  locale.o(i._ZNSt6localeaSERKS_)
    std::messages<char>::~messages__deallocating() 0x0800500b   Thumb Code    14  rwstdexcept.o(i._ZNSt8messagesIcED0Ev)
    std::messages<char>::~messages()         0x08005019   Thumb Code    14  rwstdexcept.o(i._ZNSt8messagesIcED1Ev)
    std::messages<char>::~messages__sub_object() 0x08005019   Thumb Code     0  rwstdexcept.o(i._ZNSt8messagesIcED1Ev)
    std::exception::exception()              0x08005029   Thumb Code     6  exception_ctor.o(i._ZNSt9exceptionC1Ev)
    std::exception::exception__sub_object()  0x08005029   Thumb Code     0  exception_ctor.o(i._ZNSt9exceptionC1Ev)
    std::__rw_get_cats()                     0x08005035   Thumb Code    44  messages.o(i._ZSt13__rw_get_catsv)
    operator delete[] (void*)                0x08005071   Thumb Code     8  array_del.o(i._ZdaPv)
    operator delete (void*)                  0x08005079   Thumb Code     8  delete.o(i._ZdlPv)
    operator new[] (unsigned)                0x08005081   Thumb Code     8  array_new.o(i._Znaj)
    operator new(unsigned)                   0x08005089   Thumb Code    34  new.o(i._Znwj)
    __0fprintf                               0x080050b1   Thumb Code    22  printfa.o(i.__0fprintf)
    __1fprintf                               0x080050b1   Thumb Code     0  printfa.o(i.__0fprintf)
    __2fprintf                               0x080050b1   Thumb Code     0  printfa.o(i.__0fprintf)
    __c89fprintf                             0x080050b1   Thumb Code     0  printfa.o(i.__0fprintf)
    fprintf                                  0x080050b1   Thumb Code     0  printfa.o(i.__0fprintf)
    __0printf                                0x080050cd   Thumb Code    22  printfa.o(i.__0printf)
    __1printf                                0x080050cd   Thumb Code     0  printfa.o(i.__0printf)
    __2printf                                0x080050cd   Thumb Code     0  printfa.o(i.__0printf)
    __c89printf                              0x080050cd   Thumb Code     0  printfa.o(i.__0printf)
    printf                                   0x080050cd   Thumb Code     0  printfa.o(i.__0printf)
    __0sprintf                               0x080050ed   Thumb Code    34  printfa.o(i.__0sprintf)
    __1sprintf                               0x080050ed   Thumb Code     0  printfa.o(i.__0sprintf)
    __2sprintf                               0x080050ed   Thumb Code     0  printfa.o(i.__0sprintf)
    __c89sprintf                             0x080050ed   Thumb Code     0  printfa.o(i.__0sprintf)
    sprintf                                  0x080050ed   Thumb Code     0  printfa.o(i.__0sprintf)
    __0vsnprintf                             0x08005115   Thumb Code    32  printfa.o(i.__0vsnprintf)
    __1vsnprintf                             0x08005115   Thumb Code     0  printfa.o(i.__0vsnprintf)
    __2vsnprintf                             0x08005115   Thumb Code     0  printfa.o(i.__0vsnprintf)
    __c89vsnprintf                           0x08005115   Thumb Code     0  printfa.o(i.__0vsnprintf)
    vsnprintf                                0x08005115   Thumb Code     0  printfa.o(i.__0vsnprintf)
    __ARM_array_new_general                  0x08005139   Thumb Code   146  array_new_general.o(i.__ARM_array_new_general)
    __aeabi_atexit                           0x080051cb   Thumb Code    50  aeabi_atexit.o(i.__aeabi_atexit)
    __aeabi_vec_dtor_cookie                  0x080051fd   Thumb Code    16  aeabi_vec_dtor_cookie.o(i.__aeabi_vec_dtor_cookie)
    __aeabi_vec_new_cookie                   0x0800520d   Thumb Code    20  aeabi_vec_new_cookie.o(i.__aeabi_vec_new_cookie)
    __cxa_finalize                           0x08005221   Thumb Code    66  cxa_finalize.o(i.__cxa_finalize)
    __cxa_guard_acquire                      0x08005263   Thumb Code    16  cxa_guard_acquire.o(i.__cxa_guard_acquire)
    __cxa_vec_new                            0x08005275   Thumb Code    18  cxa_vec_new.o(i.__cxa_vec_new)
    __scatterload_copy                       0x0800528d   Thumb Code    14  handlers.o(i.__scatterload_copy)
    __scatterload_null                       0x0800529b   Thumb Code     2  handlers.o(i.__scatterload_null)
    __scatterload_zeroinit                   0x0800529d   Thumb Code    14  handlers.o(i.__scatterload_zeroinit)
    _is_digit                                0x08005409   Thumb Code    14  scanf_fp.o(i._is_digit)
    free                                     0x08005b81   Thumb Code    76  malloc.o(i.free)
    malloc                                   0x08005bd1   Thumb Code    92  malloc.o(i.malloc)
    __rw::__string_ref<char, std::char_traits<char>, std::allocator<char>>::_C_inc_ref() 0x08005c3d   Thumb Code    14  char.o(t._ZN4__rw12__string_refIcSt11char_traitsIcESaIcEE10_C_inc_refEv)
    __rw::__string_ref<char, std::char_traits<char>, std::allocator<char>>::data() 0x08005c51   Thumb Code     8  packethelper.o(t._ZN4__rw12__string_refIcSt11char_traitsIcESaIcEE4dataEv)
    __rw::__rw_facet_maker<std::ctype<char>>::_C_maker_func(int, const char*, unsigned) 0x08005c59   Thumb Code    70  rwstdexcept.o(t._ZN4__rw16__rw_facet_makerISt5ctypeIcEE13_C_maker_funcEiPKcj)
    __rw::__rw_locale_vector<__rw::__rw_facet_base*>::resize(unsigned, __rw::__rw_facet_base*const &) 0x08005c9f   Thumb Code    76  locale.o(t._ZN4__rw18__rw_locale_vectorIPNS_15__rw_facet_baseEE6resizeEjRKS2_)
    __rw::__rw_locale_vector<__rw::__rw_facet_base*>::~__rw_locale_vector() 0x08005ceb   Thumb Code    14  locale.o(t._ZN4__rw18__rw_locale_vectorIPNS_15__rw_facet_baseEED1Ev)
    __rw::__rw_locale_vector<__rw::__rw_facet_base*>::~__rw_locale_vector__sub_object() 0x08005ceb   Thumb Code     0  locale.o(t._ZN4__rw18__rw_locale_vectorIPNS_15__rw_facet_baseEED1Ev)
    __rw::__rw_locale_vector<std::basic_string<char, std::char_traits<char>, std::allocator<char>>>::~__rw_locale_vector() 0x08005cf9   Thumb Code    16  locale.o(t._ZN4__rw18__rw_locale_vectorISsED1Ev)
    __rw::__rw_locale_vector<std::basic_string<char, std::char_traits<char>, std::allocator<char>>>::~__rw_locale_vector__sub_object() 0x08005cf9   Thumb Code     0  locale.o(t._ZN4__rw18__rw_locale_vectorISsED1Ev)
    __rw::__rw_locale_vector<std::__rw_open_cat_data>::~__rw_locale_vector() 0x08005d0d   Thumb Code    16  messages.o(t._ZN4__rw18__rw_locale_vectorISt18__rw_open_cat_dataED1Ev)
    __rw::__rw_locale_vector<std::__rw_open_cat_data>::~__rw_locale_vector__sub_object() 0x08005d0d   Thumb Code     0  messages.o(t._ZN4__rw18__rw_locale_vectorISt18__rw_open_cat_dataED1Ev)
    std::messages<char>::do_get(int, int, int, const std::basic_string<char, std::char_traits<char>, std::allocator<char>>&) const 0x08005d21   Thumb Code   136  rwstdexcept.o(t._ZNKSt8messagesIcE6do_getEiiiRKSs)
    std::messages<char>::do_open(const std::basic_string<char, std::char_traits<char>, std::allocator<char>>&, const std::locale&) const 0x08005db1   Thumb Code     6  rwstdexcept.o(t._ZNKSt8messagesIcE7do_openERKSsRKSt6locale)
    std::basic_string<char, std::char_traits<char>, std::allocator<char>>::_C_allocate(unsigned, unsigned, unsigned) 0x08005db7   Thumb Code    50  locale.o(t._ZNSs11_C_allocateEjjj)
    std::basic_string<char, std::char_traits<char>, std::allocator<char>>::_C_null() 0x08005de9   Thumb Code    10  packethelper.o(t._ZNSs7_C_nullEv)
    std::basic_string<char, std::char_traits<char>, std::allocator<char>>::replace(unsigned, unsigned, const char*, unsigned) 0x08005df9   Thumb Code    24  locale.o(t._ZNSs7replaceEjjPKcj)
    std::basic_string<char, std::char_traits<char>, std::allocator<char>>::replace(unsigned, unsigned, const char*, unsigned, unsigned, unsigned) 0x08005e11   Thumb Code   352  char.o(t._ZNSs7replaceEjjPKcjjj)
    std::basic_string<char, std::char_traits<char>, std::allocator<char>>::_C_getRep(unsigned, unsigned) 0x08005f79   Thumb Code   108  char.o(t._ZNSs9_C_getRepEjj)
    std::basic_string<char, std::char_traits<char>, std::allocator<char>>::_C_unlink() 0x08005fed   Thumb Code    66  char.o(t._ZNSs9_C_unlinkEv)
    std::basic_string<char, std::char_traits<char>, std::allocator<char>>::basic_string(const char*, const std::allocator<char>&) 0x08006035   Thumb Code    52  locale.o(t._ZNSsC1EPKcRKSaIcE)
    std::basic_string<char, std::char_traits<char>, std::allocator<char>>::basic_string__sub_object(const char*, const std::allocator<char>&) 0x08006035   Thumb Code     0  locale.o(t._ZNSsC1EPKcRKSaIcE)
    std::basic_string<char, std::char_traits<char>, std::allocator<char>>::basic_string(const std::allocator<char>&) 0x0800606d   Thumb Code    12  locale.o(t._ZNSsC1ERKSaIcE)
    std::basic_string<char, std::char_traits<char>, std::allocator<char>>::basic_string__sub_object(const std::allocator<char>&) 0x0800606d   Thumb Code     0  locale.o(t._ZNSsC1ERKSaIcE)
    std::basic_string<char, std::char_traits<char>, std::allocator<char>>::basic_string(const std::basic_string<char, std::char_traits<char>, std::allocator<char>>&) 0x0800607d   Thumb Code    62  char.o(t._ZNSsC1ERKSs)
    std::basic_string<char, std::char_traits<char>, std::allocator<char>>::basic_string__sub_object(const std::basic_string<char, std::char_traits<char>, std::allocator<char>>&) 0x0800607d   Thumb Code     0  char.o(t._ZNSsC1ERKSs)
    std::basic_string<char, std::char_traits<char>, std::allocator<char>>::~basic_string() 0x080060bb   Thumb Code    12  char.o(t._ZNSsD1Ev)
    std::basic_string<char, std::char_traits<char>, std::allocator<char>>::~basic_string__sub_object() 0x080060bb   Thumb Code     0  char.o(t._ZNSsD1Ev)
    std::basic_string<char, std::char_traits<char>, std::allocator<char>>::operator =(const char*) 0x080060c9   Thumb Code    74  locale.o(t._ZNSsaSEPKc)
    std::basic_string<char, std::char_traits<char>, std::allocator<char>>::operator =(const std::basic_string<char, std::char_traits<char>, std::allocator<char>>&) 0x08006119   Thumb Code    62  locale.o(t._ZNSsaSERKSs)
    std::max<unsigned>(const T1&, const T1&) 0x08006157   Thumb Code    12  char.o(t._ZSt3maxIjERKT_S2_S2_)
    std::ctype<char>::_C_classic_table       0x080061c0   Data         512  char.o(.constdata)
    __ctype_table                            0x080063c0   Data         129  ctype_o.o(.constdata)
    vtable for std::locale::facet            0x08006448   Data          20  rwstdexcept.o(.constdata__ZTVNSt6locale5facetE)
    vtable for std::ctype_byname<char>       0x0800645c   Data          52  char.o(.constdata__ZTVSt12ctype_bynameIcE)
    vtable for std::__rw_exception           0x08006490   Data          20  rwstdexcept.o(.constdata__ZTVSt14__rw_exception)
    vtable for std::ctype<char>              0x080064a4   Data          52  char.o(.constdata__ZTVSt5ctypeIcE)
    vtable for std::messages<char>           0x080064d8   Data          32  rwstdexcept.o(.constdata__ZTVSt8messagesIcE)
    vtable for std::exception                0x080064f8   Data          20  exception_dtor.o(.constdata__ZTVSt9exception)
    Region$$Table$$Base                      0x0800675c   Number         0  anon$$obj.o(Region$$Table)
    Region$$Table$$Limit                     0x0800677c   Number         0  anon$$obj.o(Region$$Table)
    SystemCoreClock                          0x20000000   Data           4  system_stm32f10x.o(.data)
    AHBPrescTable                            0x20000004   Data          16  system_stm32f10x.o(.data)
    GPIO_RUNState                            0x20000028   Data           4  main.o(.data)
    GPIO_Pin_LED_RUNState                    0x2000002c   Data           2  main.o(.data)
    GPIO_LED                                 0x20000030   Data           4  main.o(.data)
    GPIO_Pin_LED_USART_IT_TXE                0x20000034   Data           2  main.o(.data)
    GPIO_Pin_LED_USART_IT_TC                 0x20000036   Data           2  main.o(.data)
    GPIO_Pin_LED_USART_IT_RXNE               0x20000038   Data           2  main.o(.data)
    GPIO_Pin_LED_USART_IT_IDLE               0x2000003a   Data           2  main.o(.data)
    GPIO_Alarm                               0x2000003c   Data           4  main.o(.data)
    GPIO_Pin_Alarm_LINE_North                0x20000040   Data           2  main.o(.data)
    GPIO_Pin_Alarm_LINE_East                 0x20000042   Data           2  main.o(.data)
    GPIO_Pin_Alarm_LINE_South                0x20000044   Data           2  main.o(.data)
    GPIO_Pin_Alarm_LINE_West                 0x20000046   Data           2  main.o(.data)
    GPIO_USART                               0x20000048   Data           4  main.o(.data)
    SENS                                     0x2000004c   Data           1  main.o(.data)
    SenderId                                 0x2000004d   Data           1  main.o(.data)
    RunState                                 0x2000004e   Data           1  main.o(.data)
    USART_TEST                               0x20000050   Data           4  redirect.o(.data)
    __stdout                                 0x20000054   Data           4  redirect.o(.data)
    __stdin                                  0x20000058   Data           4  redirect.o(.data)
    USART_Receive                            0x2000005c   Data           4  stm32f10x_it.o(.data)
    USART_Send                               0x20000060   Data           4  stm32f10x_it.o(.data)
    ReceviceBytes                            0x20000064   Data           1  stm32f10x_it.o(.data)
    pSendBuffer                              0x20000068   Data           4  stm32f10x_it.o(.data)
    SendLength                               0x2000006c   Data           1  stm32f10x_it.o(.data)
    IsSending                                0x2000006d   Data           1  stm32f10x_it.o(.data)
    IsGetFirstBufferAddress                  0x2000006e   Data           1  stm32f10x_it.o(.data)
    FirstBufferAddress                       0x20000070   Data           4  stm32f10x_it.o(.data)
    std::ctype<char>::id                     0x20000090   Data           4  char.o(.data)
    std::ctype<wchar_t>::id                  0x20000094   Data           4  char.o(.data)
    std::locale::_C_classic                  0x200000a0   Data           4  locale.o(.data)
    std::locale::_C_native                   0x200000a4   Data           4  locale.o(.data)
    std::locale::_C_global                   0x200000a8   Data           4  locale.o(.data)
    std::codecvt<char, char, std::__mbstate_t>::id 0x200000ac   Data           4  locale.o(.data)
    std::codecvt<wchar_t, char, std::__mbstate_t>::id 0x200000b0   Data           4  locale.o(.data)
    __rw_throw_proc                          0x200000b4   Data           4  rwthrowproc_noex.o(.data)
    __stderr                                 0x200000b8   Data           4  stderr.o(.data)
    __microlib_freelist                      0x200000d0   Data           4  mvars.o(.data)
    __microlib_freelist_initialised          0x200000d4   Data           4  mvars.o(.data)
    std::locale::id::_C_init() const::_C_id_gen 0x200000dc   Data           4  locale.o(.data__ZZNKSt6locale2id7_C_initEvE9_C_id_gen)
    guard variable for std::__rw_get_cats()::__open_cats 0x200000e0   Data           4  messages.o(.data__ZZSt13__rw_get_catsvE11__open_cats)
    std::__rw_get_cats()::__open_cats        0x200000e4   Data           8  messages.o(.data__ZZSt13__rw_get_catsvE11__open_cats)
    ReceviceBuffer                           0x200000ec   Data          10  stm32f10x_it.o(.bss)
    std::basic_string<char, std::char_traits<char>, std::allocator<char>>::__nullref 0x20000110   Data          16  vendor.o(.bss__ZNSs9__nullrefE)
    __heap_base                              0x20000120   Data           0  startup_stm32f10x_md.o(HEAP)
    __heap_limit                             0x20000920   Data           0  startup_stm32f10x_md.o(HEAP)
    __initial_sp                             0x20000d20   Data           0  startup_stm32f10x_md.o(STACK)



==============================================================================

Memory Map of the image

  Image Entry point : 0x080000ed

  Load Region LR_IROM1 (Base: 0x08000000, Size: 0x00006868, Max: 0x00020000, ABSOLUTE)

    Execution Region ER_IROM1 (Base: 0x08000000, Size: 0x0000677c, Max: 0x00020000, ABSOLUTE)

    Base Addr    Size         Type   Attr      Idx    E Section Name        Object

    0x08000000   0x000000ec   Data   RO         1247    RESET               startup_stm32f10x_md.o
    0x080000ec   0x00000000   Code   RO         1535  * .ARM.Collect$$$$00000000  mc_w.l(entry.o)
    0x080000ec   0x00000004   Code   RO         2430    .ARM.Collect$$$$00000001  mc_w.l(entry2.o)
    0x080000f0   0x00000004   Code   RO         2433    .ARM.Collect$$$$00000004  mc_w.l(entry5.o)
    0x080000f4   0x00000000   Code   RO         2435    .ARM.Collect$$$$00000008  mc_w.l(entry7b.o)
    0x080000f4   0x00000000   Code   RO         2437    .ARM.Collect$$$$0000000A  mc_w.l(entry8b.o)
    0x080000f4   0x00000008   Code   RO         2438    .ARM.Collect$$$$0000000B  mc_w.l(entry9a.o)
    0x080000fc   0x00000000   Code   RO         2440    .ARM.Collect$$$$0000000D  mc_w.l(entry10a.o)
    0x080000fc   0x00000000   Code   RO         2442    .ARM.Collect$$$$0000000F  mc_w.l(entry11a.o)
    0x080000fc   0x00000004   Code   RO         2431    .ARM.Collect$$$$00002712  mc_w.l(entry2.o)
    0x08000100   0x000001dc   Code   RO           17    .text               system_stm32f10x.o
    0x080002dc   0x000000dc   Code   RO          114    .text               misc.o
    0x080003b8   0x00000358   Code   RO          130    .text               stm32f10x_gpio.o
    0x08000710   0x000003a4   Code   RO          142    .text               stm32f10x_rcc.o
    0x08000ab4   0x00000408   Code   RO          156    .text               stm32f10x_usart.o
    0x08000ebc   0x0000011c   Code   RO          168    .text               stm32f10x_exti.o
    0x08000fd8   0x000000cc   Code   RO          180    .text               stm32f10x_pwr.o
    0x080010a4   0x00000e1a   Code   RO          192    .text               stm32f10x_tim.o
    0x08001ebe   0x00000002   PAD
    0x08001ec0   0x00000538   Code   RO          204    .text               main.o
    0x080023f8   0x0000038c   Code   RO          564    .text               packethelper.o
    0x08002784   0x00000070   Code   RO          863    .text               redirect.o
    0x080027f4   0x000002f0   Code   RO          903    .text               stm32f10x_it.o
    0x08002ae4   0x000001d0   Code   RO          930    .text               disassemblebuffer.o
    0x08002cb4   0x00000164   Code   RO         1127    .text               usartsenddata.o
    0x08002e18   0x00000078   Code   RO         1144    .text               delay.o
    0x08002e90   0x00000024   Code   RO         1248    .text               startup_stm32f10x_md.o
    0x08002eb4   0x00000024   Code   RO         1538    .text               mc_w.l(memcpya.o)
    0x08002ed8   0x00000040   Code   RO         1540    .text               mc_w.l(memmovea.o)
    0x08002f18   0x0000000e   Code   RO         1542    .text               mc_w.l(strlen.o)
    0x08002f26   0x0000000e   Code   RO         2286    .text               cpprt_w.l(aeabi_vec_delete_noexceptions.o)
    0x08002f34   0x00000004   Code   RO         2304    .text               cpprt_w.l(arm_newhandler_noexceptions.o)
    0x08002f38   0x0000002c   Code   RO         2445    .text               mc_w.l(uidiv.o)
    0x08002f64   0x00000062   Code   RO         2447    .text               mc_w.l(uldiv.o)
    0x08002fc6   0x00000018   Code   RO         2453    .text               mc_w.l(strcat.o)
    0x08002fde   0x00000012   Code   RO         2455    .text               mc_w.l(strcpy.o)
    0x08002ff0   0x00000020   Code   RO         2457    .text               mc_w.l(strrchr.o)
    0x08003010   0x00000038   Code   RO         2487    .text               mc_w.l(sscanf.o)
    0x08003048   0x00000000   Code   RO         2489    .text               mc_w.l(iusefp.o)
    0x08003048   0x00000008   Code   RO         2490    .text               mc_w.l(cpp_memory.o)
    0x08003050   0x00000020   Code   RO         2493    .text               mc_w.l(cpp_unwinder.o)
    0x08003070   0x0000014e   Code   RO         2496    .text               mf_w.l(dadd.o)
    0x080031be   0x000000e4   Code   RO         2498    .text               mf_w.l(dmul.o)
    0x080032a2   0x000000de   Code   RO         2500    .text               mf_w.l(ddiv.o)
    0x08003380   0x00000030   Code   RO         2502    .text               mf_w.l(dfixul.o)
    0x080033b0   0x00000028   Code   RO         2504    .text               mf_w.l(cdrcmple.o)
    0x080033d8   0x00000050   Code   RO         2610    .text               cpprt_w.l(arm_exceptions_globs.o)
    0x08003428   0x0000001a   Code   RO         2617    .text               cpprt_w.l(arm_exceptions_terminate.o)
    0x08003442   0x00000002   PAD
    0x08003444   0x00000024   Code   RO         2645    .text               mc_w.l(init.o)
    0x08003468   0x0000001e   Code   RO         2647    .text               mc_w.l(llshl.o)
    0x08003486   0x00000020   Code   RO         2649    .text               mc_w.l(llushr.o)
    0x080034a6   0x00000024   Code   RO         2651    .text               mc_w.l(llsshr.o)
    0x080034ca   0x00000002   PAD
    0x080034cc   0x00000008   Code   RO         2653    .text               mc_w.l(ctype_o.o)
    0x080034d4   0x00000012   Code   RO         2675    .text               mc_w.l(isspace_o.o)
    0x080034e6   0x00000042   Code   RO         2689    .text               mc_w.l(memmove.o)
    0x08003528   0x0000001c   Code   RO         2693    .text               mc_w.l(strcmp.o)
    0x08003544   0x00000156   Code   RO         2707    .text               mc_w.l(_scanf_longlong.o)
    0x0800369a   0x00000150   Code   RO         2709    .text               mc_w.l(_scanf_int.o)
    0x080037ea   0x000000da   Code   RO         2711    .text               mc_w.l(_scanf_str.o)
    0x080038c4   0x0000033c   Code   RO         2713    .text               mc_w.l(scanf_fp.o)
    0x08003c00   0x00000028   Code   RO         2717    .text               mc_w.l(scanf_char.o)
    0x08003c28   0x00000040   Code   RO         2719    .text               mc_w.l(_sgetc.o)
    0x08003c68   0x000000be   Code   RO         2721    .text               mf_w.l(depilogue.o)
    0x08003d26   0x00000022   Code   RO         2723    .text               cpprt_w.l(aeabi_vec_dtor_noexceptions.o)
    0x08003d48   0x0000003c   Code   RO         2729    .text               cpprt_w.l(arm_exceptions_mem.o)
    0x08003d84   0x00000002   Code   RO         2732    .text               cpprt_w.l(arm_rethrow_noexceptions.o)
    0x08003d86   0x0000001c   Code   RO         2745    .text               mc_w.l(_chval.o)
    0x08003da2   0x00000002   PAD
    0x08003da4   0x0000032c   Code   RO         2747    .text               mc_w.l(_scanf.o)
    0x080040d0   0x00000008   Code   RO         2751    .text               mc_w.l(cpp_dtor.o)
    0x080040d8   0x00000002   Code   RO         2754    .text               mc_w.l(cpp_final.o)
    0x080040da   0x00000018   Code   RO         2756    .text               mf_w.l(dfltul.o)
    0x080040f2   0x00000038   Code   RO         2760    .text               mf_w.l(d2f.o)
    0x0800412a   0x0000006c   Code   RO         2776    .text               mf_w.l(fepilogue.o)
    0x08004196   0x0000001c   Code   RO         2778    .text               cpprt_w.l(ARM_vec_cleanup_noexceptions.o)
    0x080041b2   0x00000014   Code   RO         2064    i.<Func5>           cpp_ws.l(locale.o)
    0x080041c6   0x00000002   PAD
    0x080041c8   0x00000020   Code   RO         2506    i._Z7catgetsPN4__rw8__rw_catEiiPKc  cpp_ws.l(rwcats.o)
    0x080041e8   0x00000022   Code   RO         2507    i._Z7catopenPKci    cpp_ws.l(rwcats.o)
    0x0800420a   0x00000002   PAD
    0x0800420c   0x0000005c   Code   RO         1402    i._ZN4__rw10__rw_throwEiz  cpp_ws.l(rwstdexcept.o)
    0x08004268   0x00000020   Code   RO         1252    i._ZN4__rw13__rw_allocateEji  cpp_ws.l(rwalloc.o)
    0x08004288   0x00000058   Code   RO         1403    i._ZN4__rw13__rw_vfmatstrEPcjPKcSt9__va_list  cpp_ws.l(rwstdexcept.o)
    0x080042e0   0x00000170   Code   RO         1404    i._ZN4__rw13__rw_vfmatstrEPcjiSt9__va_list  cpp_ws.l(rwstdexcept.o)
    0x08004450   0x00000004   Code   RO         1253    i._ZN4__rw15__rw_deallocateEPvji  cpp_ws.l(rwalloc.o)
    0x08004454   0x00000002   Code   RO         2020    i._ZN4__rw15__rw_facet_base12_C_initfacetERKSt6locale  cpp_ws.l(char.o)
    0x08004456   0x00000002   PAD
    0x08004458   0x000000e4   Code   RO         2173    i._ZN4__rw15__rw_locale_impC1EPKcjj  cpp_ws.l(locale.o)
    0x0800453c   0x0000001c   Code   RO         2167    i._ZN4__rw15__rw_locale_impD1Ev  cpp_ws.l(locale.o)
    0x08004558   0x0000003a   Code   RO         2065    i._ZN4__rw21__rw_use_c_lib_localeC1EPKci  cpp_ws.l(locale.o)
    0x08004592   0x00000018   Code   RO         1990    i._ZN4__rw21__rw_use_c_lib_localeD1Ev  cpp_ws.l(char.o)
    0x080045aa   0x00000002   PAD
    0x080045ac   0x00000098   Code   RO         2530    i._ZN4__rw25__rw_throw_exception_noexEiPc  cpp_ws.l(rwthrowproc_impl_noex.o)
    0x08004644   0x00000030   Code   RO         2510    i._ZN4__rw9__catfindEPNS_8__rw_catE  cpp_ws.l(rwcats.o)
    0x08004674   0x00000004   Code   RO         1518    i._ZNKSt14__rw_exception4whatEv  cpp_ws.l(rwstdexcept.o)
    0x08004678   0x000000dc   Code   RO         2241    i._ZNKSt18__rw_messages_base11_C_cat_openERKSsRKSt6locale  cpp_ws.l(messages.o)
    0x08004754   0x00000020   Code   RO         2244    i._ZNKSt18__rw_messages_base13_C_get_localeEi  cpp_ws.l(messages.o)
    0x08004774   0x00000034   Code   RO         2245    i._ZNKSt18__rw_messages_base14_C_get_messageEiii  cpp_ws.l(messages.o)
    0x080047a8   0x0000000e   Code   RO         1960    i._ZNKSt5ctypeIcE2isENSt10ctype_base4maskEc  cpp_ws.l(char.o)
    0x080047b6   0x00000002   PAD
    0x080047b8   0x00000104   Code   RO         2070    i._ZNKSt6locale13_C_make_facetERKNS_2idEbiPFPN4__rw15__rw_facet_baseEiPKcjE  cpp_ws.l(locale.o)
    0x080048bc   0x00000074   Code   RO         2072    i._ZNKSt6locale16_C_install_facetEPN4__rw15__rw_facet_baseERKNS_2idE  cpp_ws.l(locale.o)
    0x08004930   0x00000030   Code   RO         2073    i._ZNKSt6locale4nameEv  cpp_ws.l(locale.o)
    0x08004960   0x0000000c   Code   RO         1936    i._ZNSt11char_traitsIcE4copyEPcPKcj  cpp_ws.l(char.o)
    0x0800496c   0x000000cc   Code   RO         1813    i._ZNSt12ctype_bynameIcE17_C_get_mask_tableEPKc  cpp_ws.l(char.o)
    0x08004a38   0x00000120   Code   RO         1815    i._ZNSt12ctype_bynameIcEC1EPKcj  cpp_ws.l(char.o)
    0x08004b58   0x0000000e   Code   RO         2061    i._ZNSt12ctype_bynameIcED0Ev  cpp_ws.l(char.o)
    0x08004b66   0x00000002   PAD
    0x08004b68   0x00000084   Code   RO         1408    i._ZNSt14__rw_exception10_C_vformatEiSt9__va_list  cpp_ws.l(rwstdexcept.o)
    0x08004bec   0x00000014   Code   RO         1478    i._ZNSt14__rw_exceptionC1Ev  cpp_ws.l(rwstdexcept.o)
    0x08004c00   0x0000001c   Code   RO         1512    i._ZNSt14__rw_exceptionD1Ev  cpp_ws.l(rwstdexcept.o)
    0x08004c1c   0x0000001a   Code   RO         2271    i._ZNSt18__rw_open_cat_dataC1Ev  cpp_ws.l(messages.o)
    0x08004c36   0x0000000c   Code   RO         2268    i._ZNSt18__rw_open_cat_dataD1Ev  cpp_ws.l(messages.o)
    0x08004c42   0x00000012   Code   RO         2274    i._ZNSt18__rw_open_cat_dataaSERKS_  cpp_ws.l(messages.o)
    0x08004c54   0x000000fa   Code   RO         1817    i._ZNSt5ctypeIcE12_C_initfacetERKSt6locale  cpp_ws.l(char.o)
    0x08004d4e   0x00000002   PAD
    0x08004d50   0x00000118   Code   RO         1819    i._ZNSt5ctypeIcEC1EPKNSt10ctype_base4maskEbj  cpp_ws.l(char.o)
    0x08004e68   0x0000000e   Code   RO         1963    i._ZNSt5ctypeIcED0Ev  cpp_ws.l(char.o)
    0x08004e76   0x00000002   PAD
    0x08004e78   0x00000028   Code   RO         1881    i._ZNSt5ctypeIcED1Ev  cpp_ws.l(char.o)
    0x08004ea0   0x00000004   Code   RO         1509    i._ZNSt6locale5facetD0Ev  cpp_ws.l(rwstdexcept.o)
    0x08004ea4   0x00000084   Code   RO         2076    i._ZNSt6locale7_C_initEv  cpp_ws.l(locale.o)
    0x08004f28   0x00000044   Code   RO         2078    i._ZNSt6locale7classicEv  cpp_ws.l(locale.o)
    0x08004f6c   0x00000020   Code   RO         2210    i._ZNSt6localeC1EPN4__rw15__rw_locale_impE  cpp_ws.l(locale.o)
    0x08004f8c   0x0000000c   Code   RO         2280    i._ZNSt6localeC1ERKS_  cpp_ws.l(messages.o)
    0x08004f98   0x00000020   Code   RO         1474    i._ZNSt6localeC1Ev  cpp_ws.l(rwstdexcept.o)
    0x08004fb8   0x00000020   Code   RO         2189    i._ZNSt6localeD1Ev  cpp_ws.l(locale.o)
    0x08004fd8   0x00000032   Code   RO         2086    i._ZNSt6localeaSERKS_  cpp_ws.l(locale.o)
    0x0800500a   0x0000000e   Code   RO         1493    i._ZNSt8messagesIcED0Ev  cpp_ws.l(rwstdexcept.o)
    0x08005018   0x0000000e   Code   RO         1457    i._ZNSt8messagesIcED1Ev  cpp_ws.l(rwstdexcept.o)
    0x08005026   0x00000002   PAD
    0x08005028   0x0000000c   Code   RO         2317    i._ZNSt9exceptionC1Ev  cpprt_w.l(exception_ctor.o)
    0x08005034   0x0000003c   Code   RO         2262    i._ZSt13__rw_get_catsv  cpp_ws.l(messages.o)
    0x08005070   0x00000008   Code   RO         1521    i._ZdaPv            cpprt_w.l(array_del.o)
    0x08005078   0x00000008   Code   RO         1528    i._ZdlPv            cpprt_w.l(delete.o)
    0x08005080   0x00000008   Code   RO         1524    i._Znaj             cpprt_w.l(array_new.o)
    0x08005088   0x00000028   Code   RO         1531    i._Znwj             cpprt_w.l(new.o)
    0x080050b0   0x0000001c   Code   RO         1780    i.__0fprintf        mc_w.l(printfa.o)
    0x080050cc   0x00000020   Code   RO         1781    i.__0printf         mc_w.l(printfa.o)
    0x080050ec   0x00000028   Code   RO         1783    i.__0sprintf        mc_w.l(printfa.o)
    0x08005114   0x00000024   Code   RO         1786    i.__0vsnprintf      mc_w.l(printfa.o)
    0x08005138   0x00000092   Code   RO         2765    i.__ARM_array_new_general  cpprt_w.l(array_new_general.o)
    0x080051ca   0x00000032   Code   RO         2595    i.__aeabi_atexit    cpprt_w.l(aeabi_atexit.o)
    0x080051fc   0x00000010   Code   RO         2598    i.__aeabi_vec_dtor_cookie  cpprt_w.l(aeabi_vec_dtor_cookie.o)
    0x0800520c   0x00000014   Code   RO         2601    i.__aeabi_vec_new_cookie  cpprt_w.l(aeabi_vec_new_cookie.o)
    0x08005220   0x00000042   Code   RO         2735    i.__cxa_finalize    cpprt_w.l(cxa_finalize.o)
    0x08005262   0x00000010   Code   RO         2626    i.__cxa_guard_acquire  cpprt_w.l(cxa_guard_acquire.o)
    0x08005272   0x00000002   PAD
    0x08005274   0x00000018   Code   RO         2738    i.__cxa_vec_new     cpprt_w.l(cxa_vec_new.o)
    0x0800528c   0x0000000e   Code   RO         2791    i.__scatterload_copy  mc_w.l(handlers.o)
    0x0800529a   0x00000002   Code   RO         2792    i.__scatterload_null  mc_w.l(handlers.o)
    0x0800529c   0x0000000e   Code   RO         2793    i.__scatterload_zeroinit  mc_w.l(handlers.o)
    0x080052aa   0x00000002   PAD
    0x080052ac   0x0000015c   Code   RO         1788    i._fp_digits        mc_w.l(printfa.o)
    0x08005408   0x0000000e   Code   RO         2715    i._is_digit         mc_w.l(scanf_fp.o)
    0x08005416   0x00000002   PAD
    0x08005418   0x000006f0   Code   RO         1789    i._printf_core      mc_w.l(printfa.o)
    0x08005b08   0x00000026   Code   RO         1790    i._printf_post_padding  mc_w.l(printfa.o)
    0x08005b2e   0x00000030   Code   RO         1791    i._printf_pre_padding  mc_w.l(printfa.o)
    0x08005b5e   0x00000016   Code   RO         1792    i._snputc           mc_w.l(printfa.o)
    0x08005b74   0x0000000a   Code   RO         1793    i._sputc            mc_w.l(printfa.o)
    0x08005b7e   0x00000002   PAD
    0x08005b80   0x00000050   Code   RO         2459    i.free              mc_w.l(malloc.o)
    0x08005bd0   0x0000006c   Code   RO         2460    i.malloc            mc_w.l(malloc.o)
    0x08005c3c   0x00000014   Code   RO         1945    t._ZN4__rw12__string_refIcSt11char_traitsIcESaIcEE10_C_inc_refEv  cpp_ws.l(char.o)
    0x08005c50   0x00000008   Code   RO          611    t._ZN4__rw12__string_refIcSt11char_traitsIcESaIcEE4dataEv  packethelper.o
    0x08005c58   0x00000046   Code   RO         1484    t._ZN4__rw16__rw_facet_makerISt5ctypeIcEE13_C_maker_funcEiPKcj  cpp_ws.l(rwstdexcept.o)
    0x08005c9e   0x0000004c   Code   RO         2192    t._ZN4__rw18__rw_locale_vectorIPNS_15__rw_facet_baseEE6resizeEjRKS2_  cpp_ws.l(locale.o)
    0x08005cea   0x0000000e   Code   RO         2204    t._ZN4__rw18__rw_locale_vectorIPNS_15__rw_facet_baseEED1Ev  cpp_ws.l(locale.o)
    0x08005cf8   0x00000014   Code   RO         2207    t._ZN4__rw18__rw_locale_vectorISsED1Ev  cpp_ws.l(locale.o)
    0x08005d0c   0x00000014   Code   RO         2277    t._ZN4__rw18__rw_locale_vectorISt18__rw_open_cat_dataED1Ev  cpp_ws.l(messages.o)
    0x08005d20   0x00000090   Code   RO         1451    t._ZNKSt8messagesIcE6do_getEiiiRKSs  cpp_ws.l(rwstdexcept.o)
    0x08005db0   0x00000006   Code   RO         1481    t._ZNKSt8messagesIcE7do_openERKSsRKSt6locale  cpp_ws.l(rwstdexcept.o)
    0x08005db6   0x00000032   Code   RO         2155    t._ZNSs11_C_allocateEjjj  cpp_ws.l(locale.o)
    0x08005de8   0x00000010   Code   RO          617    t._ZNSs7_C_nullEv   packethelper.o
    0x08005df8   0x00000018   Code   RO         2201    t._ZNSs7replaceEjjPKcj  cpp_ws.l(locale.o)
    0x08005e10   0x00000168   Code   RO         1871    t._ZNSs7replaceEjjPKcjjj  cpp_ws.l(char.o)
    0x08005f78   0x00000074   Code   RO         1859    t._ZNSs9_C_getRepEjj  cpp_ws.l(char.o)
    0x08005fec   0x00000048   Code   RO         1868    t._ZNSs9_C_unlinkEv  cpp_ws.l(char.o)
    0x08006034   0x00000038   Code   RO         2158    t._ZNSsC1EPKcRKSaIcE  cpp_ws.l(locale.o)
    0x0800606c   0x00000010   Code   RO         2198    t._ZNSsC1ERKSaIcE   cpp_ws.l(locale.o)
    0x0800607c   0x0000003e   Code   RO         1862    t._ZNSsC1ERKSs      cpp_ws.l(char.o)
    0x080060ba   0x0000000c   Code   RO         1954    t._ZNSsD1Ev         cpp_ws.l(char.o)
    0x080060c6   0x00000002   PAD
    0x080060c8   0x00000050   Code   RO         2164    t._ZNSsaSEPKc       cpp_ws.l(locale.o)
    0x08006118   0x0000003e   Code   RO         2161    t._ZNSsaSERKSs      cpp_ws.l(locale.o)
    0x08006156   0x0000000c   Code   RO         1948    t._ZSt3maxIjERKT_S2_S2_  cpp_ws.l(char.o)
    0x08006162   0x00000002   PAD
    0x08006164   0x0000005c   Data   RO         1428    .constdata          cpp_ws.l(rwstdexcept.o)
    0x080061c0   0x00000200   Data   RO         1841    .constdata          cpp_ws.l(char.o)
    0x080063c0   0x00000081   Data   RO         2654    .constdata          mc_w.l(ctype_o.o)
    0x08006441   0x00000003   PAD
    0x08006444   0x00000004   Data   RO         2655    .constdata          mc_w.l(ctype_o.o)
    0x08006448   0x00000014   Data   RO         1497    .constdata__ZTVNSt6locale5facetE  cpp_ws.l(rwstdexcept.o)
    0x0800645c   0x00000034   Data   RO         2025    .constdata__ZTVSt12ctype_bynameIcE  cpp_ws.l(char.o)
    0x08006490   0x00000014   Data   RO         1499    .constdata__ZTVSt14__rw_exception  cpp_ws.l(rwstdexcept.o)
    0x080064a4   0x00000034   Data   RO         1852    .constdata__ZTVSt5ctypeIcE  cpp_ws.l(char.o)
    0x080064d8   0x00000020   Data   RO         1441    .constdata__ZTVSt8messagesIcE  cpp_ws.l(rwstdexcept.o)
    0x080064f8   0x00000014   Data   RO         2327    .constdata__ZTVSt9exception  cpprt_w.l(exception_dtor.o)
    0x0800650c   0x00000250   Data   RO         1429    .conststring        cpp_ws.l(rwstdexcept.o)
    0x0800675c   0x00000020   Data   RO         2790    Region$$Table       anon$$obj.o


    Execution Region RW_IRAM1 (Base: 0x20000000, Size: 0x00000d20, Max: 0x00005000, ABSOLUTE)

    Base Addr    Size         Type   Attr      Idx    E Section Name        Object

    0x20000000   0x00000014   Data   RW           18    .data               system_stm32f10x.o
    0x20000014   0x00000014   Data   RW          143    .data               stm32f10x_rcc.o
    0x20000028   0x00000027   Data   RW          206    .data               main.o
    0x2000004f   0x00000001   PAD
    0x20000050   0x0000000c   Data   RW          864    .data               redirect.o
    0x2000005c   0x00000018   Data   RW          906    .data               stm32f10x_it.o
    0x20000074   0x00000004   Data   RW         1145    .data               delay.o
    0x20000078   0x00000017   Data   RW         1430    .data               cpp_ws.l(rwstdexcept.o)
    0x2000008f   0x00000001   PAD
    0x20000090   0x00000008   Data   RW         1842    .data               cpp_ws.l(char.o)
    0x20000098   0x0000001c   Data   RW         2135    .data               cpp_ws.l(locale.o)
    0x200000b4   0x00000004   Data   RW         2285    .data               cpp_ws.l(rwthrowproc_noex.o)
    0x200000b8   0x00000004   Data   RW         2444    .data               mc_w.l(stderr.o)
    0x200000bc   0x00000004   Data   RW         2491    .data               mc_w.l(cpp_memory.o)
    0x200000c0   0x00000008   Data   RW         2494    .data               mc_w.l(cpp_unwinder.o)
    0x200000c8   0x00000008   Data   RW         2520    .data               cpp_ws.l(rwcats.o)
    0x200000d0   0x00000004   Data   RW         2705    .data               mc_w.l(mvars.o)
    0x200000d4   0x00000004   Data   RW         2706    .data               mc_w.l(mvars.o)
    0x200000d8   0x00000004   Data   RW         2752    .data               mc_w.l(cpp_dtor.o)
    0x200000dc   0x00000004   Data   RW         2234    .data__ZZNKSt6locale2id7_C_initEvE9_C_id_gen  cpp_ws.l(locale.o)
    0x200000e0   0x0000000c   Data   RW         2283    .data__ZZSt13__rw_get_catsvE11__open_cats  cpp_ws.l(messages.o)
    0x200000ec   0x0000000a   Zero   RW          905    .bss                stm32f10x_it.o
    0x200000f6   0x00000002   PAD
    0x200000f8   0x00000018   Zero   RW         1427    .bss                cpp_ws.l(rwstdexcept.o)
    0x20000110   0x00000010   Zero   RW         2594    .bss__ZNSs9__nullrefE  cpp_ws.l(vendor.o)
    0x20000120   0x00000800   Zero   RW         1246    HEAP                startup_stm32f10x_md.o
    0x20000920   0x00000400   Zero   RW         1245    STACK               startup_stm32f10x_md.o


==============================================================================

Image component sizes


      Code (inc. data)   RO Data    RW Data    ZI Data      Debug   Object Name

         0          0          0          0          0       4244   core_cm3.o
       120         10          0          4          0       1806   delay.o
       464         74          0          0          0     221472   disassemblebuffer.o
      1336        132          0         39          0     269305   main.o
       220         20          0          0          0       1633   misc.o
       932        218          0          0          0      21840   packethelper.o
       112          6          0         12          0       3317   redirect.o
        36          8        236          0       3072        744   startup_stm32f10x_md.o
       284         10          0          0          0       2071   stm32f10x_exti.o
       856         40          0          0          0       5481   stm32f10x_gpio.o
       752         96          0         24         10       4597   stm32f10x_it.o
       204         16          0          0          0       1835   stm32f10x_pwr.o
       932         44          0         20          0       8576   stm32f10x_rcc.o
      3610         88          0          0          0      21968   stm32f10x_tim.o
      1032         22          0          0          0       8204   stm32f10x_usart.o
       476         36          0         20          0     250611   system_stm32f10x.o
       356         38          0          0          0       1670   usartsenddata.o

    ----------------------------------------------------------------------
     11724        858        268        120       3084     829374   Object Totals
         0          0         32          0          0          0   (incl. Generated)
         2          0          0          1          2          0   (incl. Padding)

    ----------------------------------------------------------------------

      Code (inc. data)   RO Data    RW Data    ZI Data      Debug   Library Member Name

      1796         70        616          8          0       1408   char.o
      1470         74          0         32          0       1696   locale.o
       452         30          0         12          0        712   messages.o
        36          0          0          0          0        144   rwalloc.o
       114         10          0          8          0        232   rwcats.o
      1016         70        756         23         24       1132   rwstdexcept.o
       152         94          0          0          0         72   rwthrowproc_impl_noex.o
         0          0          0          4          0          0   rwthrowproc_noex.o
         0          0          0          0         16          0   vendor.o
        28          0          0          0          0         84   ARM_vec_cleanup_noexceptions.o
        50          0          0          0          0         84   aeabi_atexit.o
        14          0          0          0          0         80   aeabi_vec_delete_noexceptions.o
        16          0          0          0          0         68   aeabi_vec_dtor_cookie.o
        34          0          0          0          0         84   aeabi_vec_dtor_noexceptions.o
        20          0          0          0          0         80   aeabi_vec_new_cookie.o
        80         12          0          0          0        104   arm_exceptions_globs.o
        60          0          0          0          0        108   arm_exceptions_mem.o
        26          0          0          0          0         76   arm_exceptions_terminate.o
         4          0          0          0          0         68   arm_newhandler_noexceptions.o
         2          0          0          0          0         68   arm_rethrow_noexceptions.o
         8          0          0          0          0         76   array_del.o
         8          0          0          0          0         76   array_new.o
       146          0          0          0          0         96   array_new_general.o
        66          0          0          0          0         84   cxa_finalize.o
        16          0          0          0          0         68   cxa_guard_acquire.o
        24          6          0          0          0         84   cxa_vec_new.o
         8          0          0          0          0         76   delete.o
        12          6          0          0          0         68   exception_ctor.o
         0          0         20          0          0          0   exception_dtor.o
        40          6          0          0          0         76   new.o
        28          0          0          0          0         68   _chval.o
       812          6          0          0          0        112   _scanf.o
       336          0          0          0          0         96   _scanf_int.o
       342          0          0          0          0        100   _scanf_longlong.o
       218          0          0          0          0         96   _scanf_str.o
        64          0          0          0          0         84   _sgetc.o
         8          4          0          4          0         68   cpp_dtor.o
         2          0          0          0          0         68   cpp_final.o
         8          4          0          4          0         68   cpp_memory.o
        32          6          0          8          0        252   cpp_unwinder.o
         8          4        133          0          0         68   ctype_o.o
         0          0          0          0          0          0   entry.o
         0          0          0          0          0          0   entry10a.o
         0          0          0          0          0          0   entry11a.o
         8          4          0          0          0          0   entry2.o
         4          0          0          0          0          0   entry5.o
         0          0          0          0          0          0   entry7b.o
         0          0          0          0          0          0   entry8b.o
         8          4          0          0          0          0   entry9a.o
        30          0          0          0          0          0   handlers.o
        36          8          0          0          0         68   init.o
        18          0          0          0          0         76   isspace_o.o
         0          0          0          0          0          0   iusefp.o
        30          0          0          0          0         68   llshl.o
        36          0          0          0          0         68   llsshr.o
        32          0          0          0          0         68   llushr.o
       188         20          0          0          0        160   malloc.o
        36          0          0          0          0         68   memcpya.o
        66          0          0          0          0         76   memmove.o
        64          0          0          0          0         76   memmovea.o
         0          0          0          8          0          0   mvars.o
      2378        106          0          0          0        828   printfa.o
        40          8          0          0          0         84   scanf_char.o
       842         12          0          0          0        216   scanf_fp.o
        56          8          0          0          0         84   sscanf.o
         0          0          0          4          0          0   stderr.o
        24          0          0          0          0         68   strcat.o
        28          0          0          0          0         76   strcmp.o
        18          0          0          0          0         68   strcpy.o
        14          0          0          0          0         68   strlen.o
        32          0          0          0          0         68   strrchr.o
        44          0          0          0          0         80   uidiv.o
        98          0          0          0          0         92   uldiv.o
        40          2          0          0          0         68   cdrcmple.o
        56          0          0          0          0         88   d2f.o
       334          0          0          0          0        148   dadd.o
       222          0          0          0          0        100   ddiv.o
       190          0          0          0          0        176   depilogue.o
        48          0          0          0          0         68   dfixul.o
        24          0          0          0          0         76   dfltul.o
       228          0          0          0          0         96   dmul.o
       108          0          0          0          0        168   fepilogue.o

    ----------------------------------------------------------------------
     12972        574       1528        116         40      11532   Library Totals
        36          0          3          1          0          0   (incl. Padding)

    ----------------------------------------------------------------------

      Code (inc. data)   RO Data    RW Data    ZI Data      Debug   Library Name

      5036        348       1372         87         40       5396   cpp_ws.l
       662         30         20          0          0       1608   cpprt_w.l
      5988        194        133         28          0       3540   mc_w.l
      1250          2          0          0          0        988   mf_w.l

    ----------------------------------------------------------------------
     12972        574       1528        116         40      11532   Library Totals

    ----------------------------------------------------------------------

==============================================================================


      Code (inc. data)   RO Data    RW Data    ZI Data      Debug   

     24696       1432       1796        236       3124     831910   Grand Totals
     24696       1432       1796        236       3124     831910   ELF Image Totals
     24696       1432       1796        236          0          0   ROM Totals

==============================================================================

    Total RO  Size (Code + RO Data)                26492 (  25.87kB)
    Total RW  Size (RW Data + ZI Data)              3360 (   3.28kB)
    Total ROM Size (Code + RO Data + RW Data)      26728 (  26.10kB)

==============================================================================

